../Core/Src/OLED.c:96:6:OLED_W_SCL	16	static
../Core/Src/OLED.c:113:6:OLED_W_SDA	16	static
../Core/Src/OLED.c:129:6:OLED_GPIO_Init	16	static
../Core/Src/OLED.c:154:6:OLED_I2C_Start	8	static
../Core/Src/OLED.c:167:6:OLED_I2C_Stop	8	static
../Core/Src/OLED.c:179:6:OLED_I2C_SendByte	24	static
../Core/Src/OLED.c:202:6:OLED_WriteCommand	16	static
../Core/Src/OLED.c:217:6:OLED_WriteData	24	static
../Core/Src/OLED.c:243:6:OLED_Init	8	static
../Core/Src/OLED.c:297:6:OLED_SetCursor	16	static
../Core/Src/OLED.c:324:10:OLED_Pow	24	static
../Core/Src/OLED.c:341:9:OLED_pnpoly	32	static
../Core/Src/OLED.c:365:9:OLED_IsInAngle	32	static
../Core/Src/OLED.c:402:6:OLED_Update	16	static
../Core/Src/OLED.c:429:6:OLED_UpdateArea	32	static
../Core/Src/OLED.c:463:6:OLED_Clear	16	static
../Core/Src/OLED.c:484:6:OLED_ClearArea	24	static
../Core/Src/OLED.c:506:6:OLED_Reverse	16	static
../Core/Src/OLED.c:527:6:OLED_ReverseArea	24	static
../Core/Src/OLED.c:554:6:OLED_ShowChar	32	static
../Core/Src/OLED.c:583:6:OLED_ShowString	48	static
../Core/Src/OLED.c:706:6:OLED_ShowNum	40	static
../Core/Src/OLED.c:730:6:OLED_ShowSignedNum	40	static
../Core/Src/OLED.c:767:6:OLED_ShowHexNum	32	static
../Core/Src/OLED.c:802:6:OLED_ShowBinNum	40	static
../Core/Src/OLED.c:827:6:OLED_ShowFloatNum	56	static
../Core/Src/OLED.c:868:6:OLED_ShowImage	32	static
../Core/Src/OLED.c:926:6:OLED_Printf	284	static
../Core/Src/OLED.c:943:6:OLED_DrawPoint	16	static
../Core/Src/OLED.c:958:9:OLED_GetPoint	16	static
../Core/Src/OLED.c:981:6:OLED_DrawLine	56	static
../Core/Src/OLED.c:1095:6:OLED_DrawRectangle	32	static
../Core/Src/OLED.c:1142:6:OLED_DrawTriangle	64	static
../Core/Src/OLED.c:1197:6:OLED_DrawCircle	32	static
../Core/Src/OLED.c:1281:6:OLED_DrawEllipse	56	static
../Core/Src/OLED.c:1394:6:OLED_DrawArc	32	static
