Archive member included to satisfy reference by file (symbol)

C:/ST/STM32CubeIDE_1.18.0/STM32CubeIDE/plugins/com.st.stm32cube.ide.mcu.externaltools.gnu-tools-for-stm32.13.3.rel1.win32_1.0.0.202411081344/tools/bin/../lib/gcc/arm-none-eabi/13.3.1/../../../../arm-none-eabi/lib/thumb/v7-m/nofp\libc_nano.a(libc_a-exit.o)
                              C:/ST/STM32CubeIDE_1.18.0/STM32CubeIDE/plugins/com.st.stm32cube.ide.mcu.externaltools.gnu-tools-for-stm32.13.3.rel1.win32_1.0.0.202411081344/tools/bin/../lib/gcc/arm-none-eabi/13.3.1/../../../../arm-none-eabi/lib/thumb/v7-m/nofp/crt0.o (exit)
C:/ST/STM32CubeIDE_1.18.0/STM32CubeIDE/plugins/com.st.stm32cube.ide.mcu.externaltools.gnu-tools-for-stm32.13.3.rel1.win32_1.0.0.202411081344/tools/bin/../lib/gcc/arm-none-eabi/13.3.1/../../../../arm-none-eabi/lib/thumb/v7-m/nofp\libc_nano.a(libc_a-findfp.o)
                              C:/ST/STM32CubeIDE_1.18.0/STM32CubeIDE/plugins/com.st.stm32cube.ide.mcu.externaltools.gnu-tools-for-stm32.13.3.rel1.win32_1.0.0.202411081344/tools/bin/../lib/gcc/arm-none-eabi/13.3.1/../../../../arm-none-eabi/lib/thumb/v7-m/nofp\libc_nano.a(libc_a-exit.o) (__stdio_exit_handler)
C:/ST/STM32CubeIDE_1.18.0/STM32CubeIDE/plugins/com.st.stm32cube.ide.mcu.externaltools.gnu-tools-for-stm32.13.3.rel1.win32_1.0.0.202411081344/tools/bin/../lib/gcc/arm-none-eabi/13.3.1/../../../../arm-none-eabi/lib/thumb/v7-m/nofp\libc_nano.a(libc_a-fwalk.o)
                              C:/ST/STM32CubeIDE_1.18.0/STM32CubeIDE/plugins/com.st.stm32cube.ide.mcu.externaltools.gnu-tools-for-stm32.13.3.rel1.win32_1.0.0.202411081344/tools/bin/../lib/gcc/arm-none-eabi/13.3.1/../../../../arm-none-eabi/lib/thumb/v7-m/nofp\libc_nano.a(libc_a-findfp.o) (_fwalk_sglue)
C:/ST/STM32CubeIDE_1.18.0/STM32CubeIDE/plugins/com.st.stm32cube.ide.mcu.externaltools.gnu-tools-for-stm32.13.3.rel1.win32_1.0.0.202411081344/tools/bin/../lib/gcc/arm-none-eabi/13.3.1/../../../../arm-none-eabi/lib/thumb/v7-m/nofp\libc_nano.a(libc_a-stdio.o)
                              C:/ST/STM32CubeIDE_1.18.0/STM32CubeIDE/plugins/com.st.stm32cube.ide.mcu.externaltools.gnu-tools-for-stm32.13.3.rel1.win32_1.0.0.202411081344/tools/bin/../lib/gcc/arm-none-eabi/13.3.1/../../../../arm-none-eabi/lib/thumb/v7-m/nofp\libc_nano.a(libc_a-findfp.o) (__sread)
C:/ST/STM32CubeIDE_1.18.0/STM32CubeIDE/plugins/com.st.stm32cube.ide.mcu.externaltools.gnu-tools-for-stm32.13.3.rel1.win32_1.0.0.202411081344/tools/bin/../lib/gcc/arm-none-eabi/13.3.1/../../../../arm-none-eabi/lib/thumb/v7-m/nofp\libc_nano.a(libc_a-vsprintf.o)
                              ./Core/Src/OLED.o (vsprintf)
C:/ST/STM32CubeIDE_1.18.0/STM32CubeIDE/plugins/com.st.stm32cube.ide.mcu.externaltools.gnu-tools-for-stm32.13.3.rel1.win32_1.0.0.202411081344/tools/bin/../lib/gcc/arm-none-eabi/13.3.1/../../../../arm-none-eabi/lib/thumb/v7-m/nofp\libc_nano.a(libc_a-memset.o)
                              C:/ST/STM32CubeIDE_1.18.0/STM32CubeIDE/plugins/com.st.stm32cube.ide.mcu.externaltools.gnu-tools-for-stm32.13.3.rel1.win32_1.0.0.202411081344/tools/bin/../lib/gcc/arm-none-eabi/13.3.1/../../../../arm-none-eabi/lib/thumb/v7-m/nofp/crt0.o (memset)
C:/ST/STM32CubeIDE_1.18.0/STM32CubeIDE/plugins/com.st.stm32cube.ide.mcu.externaltools.gnu-tools-for-stm32.13.3.rel1.win32_1.0.0.202411081344/tools/bin/../lib/gcc/arm-none-eabi/13.3.1/../../../../arm-none-eabi/lib/thumb/v7-m/nofp\libc_nano.a(libc_a-closer.o)
                              C:/ST/STM32CubeIDE_1.18.0/STM32CubeIDE/plugins/com.st.stm32cube.ide.mcu.externaltools.gnu-tools-for-stm32.13.3.rel1.win32_1.0.0.202411081344/tools/bin/../lib/gcc/arm-none-eabi/13.3.1/../../../../arm-none-eabi/lib/thumb/v7-m/nofp\libc_nano.a(libc_a-stdio.o) (_close_r)
C:/ST/STM32CubeIDE_1.18.0/STM32CubeIDE/plugins/com.st.stm32cube.ide.mcu.externaltools.gnu-tools-for-stm32.13.3.rel1.win32_1.0.0.202411081344/tools/bin/../lib/gcc/arm-none-eabi/13.3.1/../../../../arm-none-eabi/lib/thumb/v7-m/nofp\libc_nano.a(libc_a-reent.o)
                              C:/ST/STM32CubeIDE_1.18.0/STM32CubeIDE/plugins/com.st.stm32cube.ide.mcu.externaltools.gnu-tools-for-stm32.13.3.rel1.win32_1.0.0.202411081344/tools/bin/../lib/gcc/arm-none-eabi/13.3.1/../../../../arm-none-eabi/lib/thumb/v7-m/nofp\libc_nano.a(libc_a-closer.o) (errno)
C:/ST/STM32CubeIDE_1.18.0/STM32CubeIDE/plugins/com.st.stm32cube.ide.mcu.externaltools.gnu-tools-for-stm32.13.3.rel1.win32_1.0.0.202411081344/tools/bin/../lib/gcc/arm-none-eabi/13.3.1/../../../../arm-none-eabi/lib/thumb/v7-m/nofp\libc_nano.a(libc_a-impure.o)
                              C:/ST/STM32CubeIDE_1.18.0/STM32CubeIDE/plugins/com.st.stm32cube.ide.mcu.externaltools.gnu-tools-for-stm32.13.3.rel1.win32_1.0.0.202411081344/tools/bin/../lib/gcc/arm-none-eabi/13.3.1/../../../../arm-none-eabi/lib/thumb/v7-m/nofp\libc_nano.a(libc_a-vsprintf.o) (_impure_ptr)
[...]
Memory Configuration

Name             Origin             Length             Attributes
RAM              0x20000000         0x00005000         xrw
FLASH            0x08000000         0x00010000         xr
*default*        0x00000000         0xffffffff

Linker script and memory map

LOAD C:/ST/STM32CubeIDE_1.18.0/STM32CubeIDE/plugins/com.st.stm32cube.ide.mcu.externaltools.gnu-tools-for-stm32.13.3.rel1.win32_1.0.0.202411081344/tools/bin/../lib/gcc/arm-none-eabi/13.3.1/thumb/v7-m/nofp/crti.o
LOAD C:/ST/STM32CubeIDE_1.18.0/STM32CubeIDE/plugins/com.st.stm32cube.ide.mcu.externaltools.gnu-tools-for-stm32.13.3.rel1.win32_1.0.0.202411081344/tools/bin/../lib/gcc/arm-none-eabi/13.3.1/thumb/v7-m/nofp/crtbegin.o
LOAD C:/ST/STM32CubeIDE_1.18.0/STM32CubeIDE/plugins/com.st.stm32cube.ide.mcu.externaltools.gnu-tools-for-stm32.13.3.rel1.win32_1.0.0.202411081344/tools/bin/../lib/gcc/arm-none-eabi/13.3.1/../../../../arm-none-eabi/lib/thumb/v7-m/nofp/crt0.o
LOAD ./Core/Src/OLED.o
LOAD ./Core/Src/OLED_Data.o
LOAD ./Core/Src/SR_04.o
LOAD ./Core/Src/gpio.o
LOAD ./Core/Src/key.o
LOAD ./Core/Src/main.o
LOAD ./Core/Src/menu.o
LOAD ./Core/Src/stm32f1xx_hal_msp.o
LOAD ./Core/Src/stm32f1xx_it.o
LOAD ./Core/Src/syscalls.o
LOAD ./Core/Src/sysmem.o
LOAD ./Core/Src/system_stm32f1xx.o
LOAD ./Core/Src/tim.o
LOAD ./Core/Src/usart.o
LOAD ./Core/Startup/startup_stm32f103c8tx.o
LOAD ./Drivers/STM32F1xx_HAL_Driver/Src/stm32f1xx_hal.o
LOAD ./Drivers/STM32F1xx_HAL_Driver/Src/stm32f1xx_hal_cortex.o
LOAD ./Drivers/STM32F1xx_HAL_Driver/Src/stm32f1xx_hal_dma.o
LOAD ./Drivers/STM32F1xx_HAL_Driver/Src/stm32f1xx_hal_exti.o
LOAD ./Drivers/STM32F1xx_HAL_Driver/Src/stm32f1xx_hal_flash.o
LOAD ./Drivers/STM32F1xx_HAL_Driver/Src/stm32f1xx_hal_flash_ex.o
LOAD ./Drivers/STM32F1xx_HAL_Driver/Src/stm32f1xx_hal_gpio.o
LOAD ./Drivers/STM32F1xx_HAL_Driver/Src/stm32f1xx_hal_gpio_ex.o
LOAD ./Drivers/STM32F1xx_HAL_Driver/Src/stm32f1xx_hal_pwr.o
LOAD ./Drivers/STM32F1xx_HAL_Driver/Src/stm32f1xx_hal_rcc.o
LOAD ./Drivers/STM32F1xx_HAL_Driver/Src/stm32f1xx_hal_rcc_ex.o
LOAD ./Drivers/STM32F1xx_HAL_Driver/Src/stm32f1xx_hal_tim.o
LOAD ./Drivers/STM32F1xx_HAL_Driver/Src/stm32f1xx_hal_tim_ex.o
LOAD ./Drivers/STM32F1xx_HAL_Driver/Src/stm32f1xx_hal_uart.o
START GROUP
LOAD C:/ST/STM32CubeIDE_1.18.0/STM32CubeIDE/plugins/com.st.stm32cube.ide.mcu.externaltools.gnu-tools-for-stm32.13.3.rel1.win32_1.0.0.202411081344/tools/bin/../lib/gcc/arm-none-eabi/13.3.1/../../../../arm-none-eabi/lib/thumb/v7-m/nofp\libc_nano.a
LOAD C:/ST/STM32CubeIDE_1.18.0/STM32CubeIDE/plugins/com.st.stm32cube.ide.mcu.externaltools.gnu-tools-for-stm32.13.3.rel1.win32_1.0.0.202411081344/tools/bin/../lib/gcc/arm-none-eabi/13.3.1/../../../../arm-none-eabi/lib/thumb/v7-m/nofp\libm.a
END GROUP
START GROUP
LOAD C:/ST/STM32CubeIDE_1.18.0/STM32CubeIDE/plugins/com.st.stm32cube.ide.mcu.externaltools.gnu-tools-for-stm32.13.3.rel1.win32_1.0.0.202411081344/tools/bin/../lib/gcc/arm-none-eabi/13.3.1/thumb/v7-m/nofp\libgcc.a
LOAD C:/ST/STM32CubeIDE_1.18.0/STM32CubeIDE/plugins/com.st.stm32cube.ide.mcu.externaltools.gnu-tools-for-stm32.13.3.rel1.win32_1.0.0.202411081344/tools/bin/../lib/gcc/arm-none-eabi/13.3.1/../../../../arm-none-eabi/lib/thumb/v7-m/nofp\libc_nano.a
END GROUP
START GROUP
LOAD C:/ST/STM32CubeIDE_1.18.0/STM32CubeIDE/plugins/com.st.stm32cube.ide.mcu.externaltools.gnu-tools-for-stm32.13.3.rel1.win32_1.0.0.202411081344/tools/bin/../lib/gcc/arm-none-eabi/13.3.1/thumb/v7-m/nofp\libgcc.a
LOAD C:/ST/STM32CubeIDE_1.18.0/STM32CubeIDE/plugins/com.st.stm32cube.ide.mcu.externaltools.gnu-tools-for-stm32.13.3.rel1.win32_1.0.0.202411081344/tools/bin/../lib/gcc/arm-none-eabi/13.3.1/../../../../arm-none-eabi/lib/thumb/v7-m/nofp\libc_nano.a
LOAD C:/ST/STM32CubeIDE_1.18.0/STM32CubeIDE/plugins/com.st.stm32cube.ide.mcu.externaltools.gnu-tools-for-stm32.13.3.rel1.win32_1.0.0.202411081344/tools/bin/../lib/gcc/arm-none-eabi/13.3.1/../../../../arm-none-eabi/lib/thumb/v7-m/nofp\libnosys.a
END GROUP
START GROUP
LOAD C:/ST/STM32CubeIDE_1.18.0/STM32CubeIDE/plugins/com.st.stm32cube.ide.mcu.externaltools.gnu-tools-for-stm32.13.3.rel1.win32_1.0.0.202411081344/tools/bin/../lib/gcc/arm-none-eabi/13.3.1/thumb/v7-m/nofp\libgcc.a
LOAD C:/ST/STM32CubeIDE_1.18.0/STM32CubeIDE/plugins/com.st.stm32cube.ide.mcu.externaltools.gnu-tools-for-stm32.13.3.rel1.win32_1.0.0.202411081344/tools/bin/../lib/gcc/arm-none-eabi/13.3.1/../../../../arm-none-eabi/lib/thumb/v7-m/nofp\libc_nano.a
LOAD C:/ST/STM32CubeIDE_1.18.0/STM32CubeIDE/plugins/com.st.stm32cube.ide.mcu.externaltools.gnu-tools-for-stm32.13.3.rel1.win32_1.0.0.202411081344/tools/bin/../lib/gcc/arm-none-eabi/13.3.1/../../../../arm-none-eabi/lib/thumb/v7-m/nofp\libnosys.a
END GROUP
LOAD C:/ST/STM32CubeIDE_1.18.0/STM32CubeIDE/plugins/com.st.stm32cube.ide.mcu.externaltools.gnu-tools-for-stm32.13.3.rel1.win32_1.0.0.202411081344/tools/bin/../lib/gcc/arm-none-eabi/13.3.1/thumb/v7-m/nofp/crtend.o
LOAD C:/ST/STM32CubeIDE_1.18.0/STM32CubeIDE/plugins/com.st.stm32cube.ide.mcu.externaltools.gnu-tools-for-stm32.13.3.rel1.win32_1.0.0.202411081344/tools/bin/../lib/gcc/arm-none-eabi/13.3.1/thumb/v7-m/nofp/crtn.o
                0x20005000                        _estack = (ORIGIN (RAM) + LENGTH (RAM))
                0x00000200                        _Min_Heap_Size = 0x200
                0x00000400                        _Min_Stack_Size = 0x400

.isr_vector     0x08000000      0x10c
                0x08000000                        . = ALIGN (0x4)
 *(.isr_vector)
 .isr_vector    0x08000000      0x10c ./Core/Startup/startup_stm32f103c8tx.o
                0x08000000                g_pfnVectors
                0x0800010c                        . = ALIGN (0x4)

.text           0x08000110     0x4db8
                0x08000110                        . = ALIGN (0x4)
 *(.text)
 .text          0x08000110       0x40 C:/ST/STM32CubeIDE_1.18.0/STM32CubeIDE/plugins/com.st.stm32cube.ide.mcu.externaltools.gnu-tools-for-stm32.13.3.rel1.win32_1.0.0.202411081344/tools/bin/../lib/gcc/arm-none-eabi/13.3.1/thumb/v7-m/nofp/crtbegin.o
 .text          0x08000150       0x14 C:/ST/STM32CubeIDE_1.18.0/STM32CubeIDE/plugins/com.st.stm32cube.ide.mcu.externaltools.gnu-tools-for-stm32.13.3.rel1.win32_1.0.0.202411081344/tools/bin/../lib/gcc/arm-none-eabi/13.3.1/../../../../arm-none-eabi/lib/thumb/v7-m/nofp\libc_nano.a(libc_a-strcmp.o)
                0x08000150                strcmp
 .text          0x08000164      0x378 C:/ST/STM32CubeIDE_1.18.0/STM32CubeIDE/plugins/com.st.stm32cube.ide.mcu.externaltools.gnu-tools-for-stm32.13.3.rel1.win32_1.0.0.202411081344/tools/bin/../lib/gcc/arm-none-eabi/13.3.1/thumb/v7-m/nofp\libgcc.a(_arm_addsubdf3.o)
                0x08000164                __aeabi_drsub
                0x0800016c                __aeabi_dsub
                0x0800016c                __subdf3
                0x08000170                __aeabi_dadd
                0x08000170                __adddf3
                0x080003e8                __floatunsidf
                0x080003e8                __aeabi_ui2d
                0x08000408                __floatsidf
                0x08000408                __aeabi_i2d
                0x0800042c                __aeabi_f2d
                0x0800042c                __extendsfdf2
                0x08000470                __floatundidf
                0x08000470                __aeabi_ul2d
                0x08000480                __floatdidf
                0x08000480                __aeabi_l2d
 .text          0x080004dc      0x424 C:/ST/STM32CubeIDE_1.18.0/STM32CubeIDE/plugins/com.st.stm32cube.ide.mcu.externaltools.gnu-tools-for-stm32.13.3.rel1.win32_1.0.0.202411081344/tools/bin/../lib/gcc/arm-none-eabi/13.3.1/thumb/v7-m/nofp\libgcc.a(_arm_muldivdf3.o)
                0x080004dc                __aeabi_dmul
                0x080004dc                __muldf3
                0x08000730                __divdf3
                0x08000730                __aeabi_ddiv
 .text          0x08000900      0x110 C:/ST/STM32CubeIDE_1.18.0/STM32CubeIDE/plugins/com.st.stm32cube.ide.mcu.externaltools.gnu-tools-for-stm32.13.3.rel1.win32_1.0.0.202411081344/tools/bin/../lib/gcc/arm-none-eabi/13.3.1/thumb/v7-m/nofp\libgcc.a(_arm_cmpdf2.o)
                0x08000900                __gtdf2
                0x08000900                __gedf2
                0x08000908                __ltdf2
                0x08000908                __ledf2
                0x08000910                __nedf2
                0x08000910                __eqdf2
                0x08000910                __cmpdf2
                0x0800098c                __aeabi_cdrcmple
                0x0800099c                __aeabi_cdcmpeq
                0x0800099c                __aeabi_cdcmple
                0x080009ac                __aeabi_dcmpeq
                0x080009c0                __aeabi_dcmplt
                0x080009d4                __aeabi_dcmple
                0x080009e8                __aeabi_dcmpge
                0x080009fc                __aeabi_dcmpgt
 .text          0x08000a10       0x40 C:/ST/STM32CubeIDE_1.18.0/STM32CubeIDE/plugins/com.st.stm32cube.ide.mcu.externaltools.gnu-tools-for-stm32.13.3.rel1.win32_1.0.0.202411081344/tools/bin/../lib/gcc/arm-none-eabi/13.3.1/thumb/v7-m/nofp\libgcc.a(_arm_fixunsdfsi.o)
                0x08000a10                __aeabi_d2uiz
                0x08000a10                __fixunsdfsi
 .text          0x08000a50       0xa0 C:/ST/STM32CubeIDE_1.18.0/STM32CubeIDE/plugins/com.st.stm32cube.ide.mcu.externaltools.gnu-tools-for-stm32.13.3.rel1.win32_1.0.0.202411081344/tools/bin/../lib/gcc/arm-none-eabi/13.3.1/thumb/v7-m/nofp\libgcc.a(_arm_truncdfsf2.o)
                0x08000a50                __truncdfsf2
                0x08000a50                __aeabi_d2f
 .text          0x08000af0      0x21c C:/ST/STM32CubeIDE_1.18.0/STM32CubeIDE/plugins/com.st.stm32cube.ide.mcu.externaltools.gnu-tools-for-stm32.13.3.rel1.win32_1.0.0.202411081344/tools/bin/../lib/gcc/arm-none-eabi/13.3.1/thumb/v7-m/nofp\libgcc.a(_arm_addsubsf3.o)
                0x08000af0                __aeabi_frsub
                0x08000af8                __subsf3
                0x08000af8                __aeabi_fsub
                0x08000afc                __aeabi_fadd
                0x08000afc                __addsf3
                0x08000c5c                __aeabi_ui2f
                0x08000c5c                __floatunsisf
                0x08000c64                __aeabi_i2f
                0x08000c64                __floatsisf
                0x08000c80                __aeabi_ul2f
                0x08000c80                __floatundisf
                0x08000c90                __aeabi_l2f
                0x08000c90                __floatdisf
 .text          0x08000d0c      0x2a0 C:/ST/STM32CubeIDE_1.18.0/STM32CubeIDE/plugins/com.st.stm32cube.ide.mcu.externaltools.gnu-tools-for-stm32.13.3.rel1.win32_1.0.0.202411081344/tools/bin/../lib/gcc/arm-none-eabi/13.3.1/thumb/v7-m/nofp\libgcc.a(_arm_muldivsf3.o)
                0x08000d0c                __mulsf3
                0x08000d0c                __aeabi_fmul
                0x08000e74                __aeabi_fdiv
                0x08000e74                __divsf3
 *(.text*)
 .text.OLED_W_SCL
                0x08000fac       0x24 ./Core/Src/OLED.o
                0x08000fac                OLED_W_SCL
 .text.OLED_W_SDA
                0x08000fd0       0x24 ./Core/Src/OLED.o
                0x08000fd0                OLED_W_SDA
 .text.OLED_GPIO_Init
                0x08000ff4       0x42 ./Core/Src/OLED.o
                0x08000ff4                OLED_GPIO_Init
 .text.OLED_I2C_Start
                0x08001036       0x20 ./Core/Src/OLED.o
                0x08001036                OLED_I2C_Start
 .text.OLED_I2C_Stop
                0x08001056       0x1a ./Core/Src/OLED.o
                0x08001056                OLED_I2C_Stop
 .text.OLED_I2C_SendByte
                0x08001070       0x58 ./Core/Src/OLED.o
                0x08001070                OLED_I2C_SendByte
 .text.OLED_WriteCommand
                0x080010c8       0x2e ./Core/Src/OLED.o
                0x080010c8                OLED_WriteCommand
 .text.OLED_WriteData
                0x080010f6       0x4a ./Core/Src/OLED.o
                0x080010f6                OLED_WriteData
 .text.OLED_Init
                0x08001140       0x9e ./Core/Src/OLED.o
                0x08001140                OLED_Init
 .text.OLED_SetCursor
                0x080011de       0x46 ./Core/Src/OLED.o
                0x080011de                OLED_SetCursor
 .text.OLED_Pow
                0x08001224       0x30 ./Core/Src/OLED.o
                0x08001224                OLED_Pow
 .text.OLED_Update
                0x08001254       0x40 ./Core/Src/OLED.o
                0x08001254                OLED_Update
 .text.OLED_Clear
                0x08001294       0x4c ./Core/Src/OLED.o
                0x08001294                OLED_Clear
 .text.OLED_ClearArea
                0x080012e0       0xec ./Core/Src/OLED.o
                0x080012e0                OLED_ClearArea
 .text.OLED_ReverseArea
                0x080013cc       0xe8 ./Core/Src/OLED.o
                0x080013cc                OLED_ReverseArea
 .text.OLED_ShowChar
                0x080014b4       0x7c ./Core/Src/OLED.o
                0x080014b4                OLED_ShowChar
 .text.OLED_ShowString
                0x08001530      0x168 ./Core/Src/OLED.o
                0x08001530                OLED_ShowString
 .text.OLED_ShowNum
                0x08001698       0x90 ./Core/Src/OLED.o
                0x08001698                OLED_ShowNum
 .text.OLED_ShowFloatNum
                0x08001728      0x14e ./Core/Src/OLED.o
                0x08001728                OLED_ShowFloatNum
 *fill*         0x08001876        0x2 
 .text.OLED_ShowImage
                0x08001878      0x1c8 ./Core/Src/OLED.o
                0x08001878                OLED_ShowImage
 .text.SR_04_Start
                0x08001a40       0x2c ./Core/Src/SR_04.o
                0x08001a40                SR_04_Start
 .text.MX_GPIO_Init
                0x08001a6c      0x11c ./Core/Src/gpio.o
                0x08001a6c                MX_GPIO_Init
 .text.Key_GetNum
                0x08001b88       0x30 ./Core/Src/key.o
                0x08001b88                Key_GetNum
 .text.Key_GetState
                0x08001bb8       0x44 ./Core/Src/key.o
                0x08001bb8                Key_GetState
 .text.Key_Tick
                0x08001bfc       0x84 ./Core/Src/key.o
                0x08001bfc                Key_Tick
 .text.main     0x08001c80      0x220 ./Core/Src/main.o
                0x08001c80                main
 .text.SystemClock_Config
                0x08001ea0       0x8a ./Core/Src/main.o
                0x08001ea0                SystemClock_Config
 *fill*         0x08001f2a        0x6 
 .text.HAL_GPIO_EXTI_Callback
                0x08001f30       0xc4 ./Core/Src/main.o
                0x08001f30                HAL_GPIO_EXTI_Callback
 .text.HAL_TIM_PeriodElapsedCallback
                0x08001ff4       0x58 ./Core/Src/main.o
                0x08001ff4                HAL_TIM_PeriodElapsedCallback
 .text.Error_Handler
                0x0800204c        0xc ./Core/Src/main.o
                0x0800204c                Error_Handler
 .text.Show_Main_UI
                0x08002058       0x48 ./Core/Src/menu.o
                0x08002058                Show_Main_UI
 .text.First_Page_Home
                0x080020a0       0xe8 ./Core/Src/menu.o
                0x080020a0                First_Page_Home
 .text.Show_Mode_Select_UI
                0x08002188       0x50 ./Core/Src/menu.o
                0x08002188                Show_Mode_Select_UI
 .text.Mode_Select_Home
                0x080021d8       0xe8 ./Core/Src/menu.o
                0x080021d8                Mode_Select_Home
 .text.Show_Single_Mode_UI
                0x080022c0       0xbc ./Core/Src/menu.o
                0x080022c0                Show_Single_Mode_UI
 .text.Single_Mode_Home
                0x0800237c      0x168 ./Core/Src/menu.o
                0x0800237c                Single_Mode_Home
 .text.Show_Multi_Mode_UI
                0x080024e4       0xbc ./Core/Src/menu.o
                0x080024e4                Show_Multi_Mode_UI
 .text.Multi_Mode_Home
                0x080025a0      0x188 ./Core/Src/menu.o
                0x080025a0                Multi_Mode_Home
 .text.Show_Data_UI
                0x08002728      0x144 ./Core/Src/menu.o
                0x08002728                Show_Data_UI
 .text.Single_Data_Home
                0x0800286c       0xc0 ./Core/Src/menu.o
                0x0800286c                Single_Data_Home
 .text.Show_Select_Data_UI
                0x0800292c       0x40 ./Core/Src/menu.o
                0x0800292c                Show_Select_Data_UI
 .text.Select_Data_Home
                0x0800296c       0xe8 ./Core/Src/menu.o
                0x0800296c                Select_Data_Home
 *fill*         0x08002a54        0x4 
 .text.Calculate_Result
                0x08002a58      0x1a4 ./Core/Src/menu.o
                0x08002a58                Calculate_Result
 .text.HAL_MspInit
                0x08002bfc       0x64 ./Core/Src/stm32f1xx_hal_msp.o
                0x08002bfc                HAL_MspInit
 .text.NMI_Handler
                0x08002c60        0x8 ./Core/Src/stm32f1xx_it.o
                0x08002c60                NMI_Handler
 .text.HardFault_Handler
                0x08002c68        0x8 ./Core/Src/stm32f1xx_it.o
                0x08002c68                HardFault_Handler
 .text.MemManage_Handler
                0x08002c70        0x8 ./Core/Src/stm32f1xx_it.o
                0x08002c70                MemManage_Handler
 .text.BusFault_Handler
                0x08002c78        0x8 ./Core/Src/stm32f1xx_it.o
                0x08002c78                BusFault_Handler
 .text.UsageFault_Handler
                0x08002c80        0x8 ./Core/Src/stm32f1xx_it.o
                0x08002c80                UsageFault_Handler
 .text.SVC_Handler
                0x08002c88        0xc ./Core/Src/stm32f1xx_it.o
                0x08002c88                SVC_Handler
 .text.DebugMon_Handler
                0x08002c94        0xc ./Core/Src/stm32f1xx_it.o
                0x08002c94                DebugMon_Handler
 .text.PendSV_Handler
                0x08002ca0        0xc ./Core/Src/stm32f1xx_it.o
                0x08002ca0                PendSV_Handler
 .text.SysTick_Handler
                0x08002cac        0xc ./Core/Src/stm32f1xx_it.o
                0x08002cac                SysTick_Handler
 .text.TIM2_IRQHandler
                0x08002cb8       0x5c ./Core/Src/stm32f1xx_it.o
                0x08002cb8                TIM2_IRQHandler
 .text.TIM3_IRQHandler
                0x08002d14       0x14 ./Core/Src/stm32f1xx_it.o
                0x08002d14                TIM3_IRQHandler
 .text.TIM4_IRQHandler
                0x08002d28       0x14 ./Core/Src/stm32f1xx_it.o
                0x08002d28                TIM4_IRQHandler
 .text.EXTI15_10_IRQHandler
                0x08002d3c       0x10 ./Core/Src/stm32f1xx_it.o
                0x08002d3c                EXTI15_10_IRQHandler
 .text.SystemInit
                0x08002d4c        0xc ./Core/Src/system_stm32f1xx.o
                0x08002d4c                SystemInit
 .text.MX_TIM1_Init
                0x08002d58       0xa0 ./Core/Src/tim.o
                0x08002d58                MX_TIM1_Init
 .text.MX_TIM2_Init
                0x08002df8       0x98 ./Core/Src/tim.o
                0x08002df8                MX_TIM2_Init
 .text.MX_TIM3_Init
                0x08002e90       0x9c ./Core/Src/tim.o
                0x08002e90                MX_TIM3_Init
 .text.MX_TIM4_Init
                0x08002f2c       0x9c ./Core/Src/tim.o
                0x08002f2c                MX_TIM4_Init
 .text.HAL_TIM_Base_MspInit
                0x08002fc8       0xe0 ./Core/Src/tim.o
                0x08002fc8                HAL_TIM_Base_MspInit
 .text.MX_USART1_UART_Init
                0x080030a8       0x54 ./Core/Src/usart.o
                0x080030a8                MX_USART1_UART_Init
 .text.HAL_UART_MspInit
                0x080030fc       0x98 ./Core/Src/usart.o
                0x080030fc                HAL_UART_MspInit
 .text.Reset_Handler
                0x08003194       0x48 ./Core/Startup/startup_stm32f103c8tx.o
                0x08003194                Reset_Handler
 .text.Default_Handler
                0x080031dc        0x2 ./Core/Startup/startup_stm32f103c8tx.o
                0x080031dc                RTC_Alarm_IRQHandler
                0x080031dc                EXTI2_IRQHandler
                0x080031dc                TIM1_CC_IRQHandler
                0x080031dc                PVD_IRQHandler
                0x080031dc                EXTI3_IRQHandler
                0x080031dc                EXTI0_IRQHandler
                0x080031dc                I2C2_EV_IRQHandler
                0x080031dc                ADC1_2_IRQHandler
                0x080031dc                SPI1_IRQHandler
                0x080031dc                TAMPER_IRQHandler
                0x080031dc                DMA1_Channel4_IRQHandler
                0x080031dc                USART3_IRQHandler
                0x080031dc                RTC_IRQHandler
                0x080031dc                DMA1_Channel7_IRQHandler
                0x080031dc                CAN1_RX1_IRQHandler
                0x080031dc                I2C1_EV_IRQHandler
                0x080031dc                DMA1_Channel6_IRQHandler
                0x080031dc                RCC_IRQHandler
                0x080031dc                TIM1_TRG_COM_IRQHandler
                0x080031dc                DMA1_Channel1_IRQHandler
                0x080031dc                Default_Handler
                0x080031dc                EXTI9_5_IRQHandler
                0x080031dc                SPI2_IRQHandler
                0x080031dc                DMA1_Channel5_IRQHandler
                0x080031dc                EXTI4_IRQHandler
                0x080031dc                USB_LP_CAN1_RX0_IRQHandler
                0x080031dc                USB_HP_CAN1_TX_IRQHandler
                0x080031dc                DMA1_Channel3_IRQHandler
                0x080031dc                TIM1_UP_IRQHandler
                0x080031dc                WWDG_IRQHandler
                0x080031dc                TIM1_BRK_IRQHandler
                0x080031dc                EXTI1_IRQHandler
                0x080031dc                USART2_IRQHandler
                0x080031dc                I2C2_ER_IRQHandler
                0x080031dc                DMA1_Channel2_IRQHandler
                0x080031dc                CAN1_SCE_IRQHandler
                0x080031dc                FLASH_IRQHandler
                0x080031dc                USART1_IRQHandler
                0x080031dc                I2C1_ER_IRQHandler
                0x080031dc                USBWakeUp_IRQHandler
 *fill*         0x080031de        0x2 
 .text.HAL_Init
                0x080031e0       0x2c ./Drivers/STM32F1xx_HAL_Driver/Src/stm32f1xx_hal.o
                0x080031e0                HAL_Init
 .text.HAL_InitTick
                0x0800320c       0x60 ./Drivers/STM32F1xx_HAL_Driver/Src/stm32f1xx_hal.o
                0x0800320c                HAL_InitTick
 .text.HAL_IncTick
                0x0800326c       0x24 ./Drivers/STM32F1xx_HAL_Driver/Src/stm32f1xx_hal.o
                0x0800326c                HAL_IncTick
 .text.HAL_GetTick
                0x08003290       0x14 ./Drivers/STM32F1xx_HAL_Driver/Src/stm32f1xx_hal.o
                0x08003290                HAL_GetTick
 .text.HAL_Delay
                0x080032a4       0x48 ./Drivers/STM32F1xx_HAL_Driver/Src/stm32f1xx_hal.o
                0x080032a4                HAL_Delay
 .text.__NVIC_SetPriorityGrouping
                0x080032ec       0x48 ./Drivers/STM32F1xx_HAL_Driver/Src/stm32f1xx_hal_cortex.o
 .text.__NVIC_GetPriorityGrouping
                0x08003334       0x1c ./Drivers/STM32F1xx_HAL_Driver/Src/stm32f1xx_hal_cortex.o
 .text.__NVIC_EnableIRQ
                0x08003350       0x38 ./Drivers/STM32F1xx_HAL_Driver/Src/stm32f1xx_hal_cortex.o
 .text.__NVIC_SetPriority
                0x08003388       0x54 ./Drivers/STM32F1xx_HAL_Driver/Src/stm32f1xx_hal_cortex.o
 .text.NVIC_EncodePriority
                0x080033dc       0x64 ./Drivers/STM32F1xx_HAL_Driver/Src/stm32f1xx_hal_cortex.o
 .text.SysTick_Config
                0x08003440       0x44 ./Drivers/STM32F1xx_HAL_Driver/Src/stm32f1xx_hal_cortex.o
 .text.HAL_NVIC_SetPriorityGrouping
                0x08003484       0x16 ./Drivers/STM32F1xx_HAL_Driver/Src/stm32f1xx_hal_cortex.o
                0x08003484                HAL_NVIC_SetPriorityGrouping
 .text.HAL_NVIC_SetPriority
                0x0800349a       0x38 ./Drivers/STM32F1xx_HAL_Driver/Src/stm32f1xx_hal_cortex.o
                0x0800349a                HAL_NVIC_SetPriority
 .text.HAL_NVIC_EnableIRQ
                0x080034d2       0x1c ./Drivers/STM32F1xx_HAL_Driver/Src/stm32f1xx_hal_cortex.o
                0x080034d2                HAL_NVIC_EnableIRQ
 .text.HAL_SYSTICK_Config
                0x080034ee       0x18 ./Drivers/STM32F1xx_HAL_Driver/Src/stm32f1xx_hal_cortex.o
                0x080034ee                HAL_SYSTICK_Config
 *fill*         0x08003506        0x2 
 .text.HAL_GPIO_Init
                0x08003508      0x308 ./Drivers/STM32F1xx_HAL_Driver/Src/stm32f1xx_hal_gpio.o
                0x08003508                HAL_GPIO_Init
 .text.HAL_GPIO_ReadPin
                0x08003810       0x2e ./Drivers/STM32F1xx_HAL_Driver/Src/stm32f1xx_hal_gpio.o
                0x08003810                HAL_GPIO_ReadPin
 .text.HAL_GPIO_WritePin
                0x0800383e       0x30 ./Drivers/STM32F1xx_HAL_Driver/Src/stm32f1xx_hal_gpio.o
                0x0800383e                HAL_GPIO_WritePin
 *fill*         0x0800386e        0x2 
 .text.HAL_GPIO_EXTI_IRQHandler
                0x08003870       0x30 ./Drivers/STM32F1xx_HAL_Driver/Src/stm32f1xx_hal_gpio.o
                0x08003870                HAL_GPIO_EXTI_IRQHandler
 .text.HAL_RCC_OscConfig
                0x080038a0      0x504 ./Drivers/STM32F1xx_HAL_Driver/Src/stm32f1xx_hal_rcc.o
                0x080038a0                HAL_RCC_OscConfig
 .text.HAL_RCC_ClockConfig
                0x08003da4      0x1d4 ./Drivers/STM32F1xx_HAL_Driver/Src/stm32f1xx_hal_rcc.o
                0x08003da4                HAL_RCC_ClockConfig
 .text.HAL_RCC_GetSysClockFreq
                0x08003f78       0xa8 ./Drivers/STM32F1xx_HAL_Driver/Src/stm32f1xx_hal_rcc.o
                0x08003f78                HAL_RCC_GetSysClockFreq
 .text.HAL_RCC_GetHCLKFreq
                0x08004020       0x14 ./Drivers/STM32F1xx_HAL_Driver/Src/stm32f1xx_hal_rcc.o
                0x08004020                HAL_RCC_GetHCLKFreq
 .text.HAL_RCC_GetPCLK1Freq
                0x08004034       0x28 ./Drivers/STM32F1xx_HAL_Driver/Src/stm32f1xx_hal_rcc.o
                0x08004034                HAL_RCC_GetPCLK1Freq
 .text.HAL_RCC_GetPCLK2Freq
                0x0800405c       0x28 ./Drivers/STM32F1xx_HAL_Driver/Src/stm32f1xx_hal_rcc.o
                0x0800405c                HAL_RCC_GetPCLK2Freq
 .text.RCC_Delay
                0x08004084       0x3c ./Drivers/STM32F1xx_HAL_Driver/Src/stm32f1xx_hal_rcc.o
 .text.HAL_TIM_Base_Init
                0x080040c0       0x9e ./Drivers/STM32F1xx_HAL_Driver/Src/stm32f1xx_hal_tim.o
                0x080040c0                HAL_TIM_Base_Init
 *fill*         0x0800415e        0x2 
 .text.HAL_TIM_Base_Start
                0x08004160       0x94 ./Drivers/STM32F1xx_HAL_Driver/Src/stm32f1xx_hal_tim.o
                0x08004160                HAL_TIM_Base_Start
 .text.HAL_TIM_Base_Stop
                0x080041f4       0x4c ./Drivers/STM32F1xx_HAL_Driver/Src/stm32f1xx_hal_tim.o
                0x080041f4                HAL_TIM_Base_Stop
 .text.HAL_TIM_Base_Start_IT
                0x08004240       0xa4 ./Drivers/STM32F1xx_HAL_Driver/Src/stm32f1xx_hal_tim.o
                0x08004240                HAL_TIM_Base_Start_IT
 .text.HAL_TIM_IRQHandler
                0x080042e4      0x1e0 ./Drivers/STM32F1xx_HAL_Driver/Src/stm32f1xx_hal_tim.o
                0x080042e4                HAL_TIM_IRQHandler
 .text.HAL_TIM_ConfigClockSource
                0x080044c4      0x18e ./Drivers/STM32F1xx_HAL_Driver/Src/stm32f1xx_hal_tim.o
                0x080044c4                HAL_TIM_ConfigClockSource
 .text.HAL_TIM_OC_DelayElapsedCallback
                0x08004652       0x12 ./Drivers/STM32F1xx_HAL_Driver/Src/stm32f1xx_hal_tim.o
                0x08004652                HAL_TIM_OC_DelayElapsedCallback
 .text.HAL_TIM_IC_CaptureCallback
                0x08004664       0x12 ./Drivers/STM32F1xx_HAL_Driver/Src/stm32f1xx_hal_tim.o
                0x08004664                HAL_TIM_IC_CaptureCallback
 .text.HAL_TIM_PWM_PulseFinishedCallback
                0x08004676       0x12 ./Drivers/STM32F1xx_HAL_Driver/Src/stm32f1xx_hal_tim.o
                0x08004676                HAL_TIM_PWM_PulseFinishedCallback
 .text.HAL_TIM_TriggerCallback
                0x08004688       0x12 ./Drivers/STM32F1xx_HAL_Driver/Src/stm32f1xx_hal_tim.o
                0x08004688                HAL_TIM_TriggerCallback
 *fill*         0x0800469a        0x2 
 .text.TIM_Base_SetConfig
                0x0800469c       0xdc ./Drivers/STM32F1xx_HAL_Driver/Src/stm32f1xx_hal_tim.o
                0x0800469c                TIM_Base_SetConfig
 .text.TIM_TI1_ConfigInputStage
                0x08004778       0x5c ./Drivers/STM32F1xx_HAL_Driver/Src/stm32f1xx_hal_tim.o
 .text.TIM_TI2_ConfigInputStage
                0x080047d4       0x5e ./Drivers/STM32F1xx_HAL_Driver/Src/stm32f1xx_hal_tim.o
 .text.TIM_ITRx_SetConfig
                0x08004832       0x34 ./Drivers/STM32F1xx_HAL_Driver/Src/stm32f1xx_hal_tim.o
 .text.TIM_ETR_SetConfig
                0x08004866       0x3e ./Drivers/STM32F1xx_HAL_Driver/Src/stm32f1xx_hal_tim.o
                0x08004866                TIM_ETR_SetConfig
 .text.HAL_TIMEx_MasterConfigSynchronization
                0x080048a4       0xbc ./Drivers/STM32F1xx_HAL_Driver/Src/stm32f1xx_hal_tim_ex.o
                0x080048a4                HAL_TIMEx_MasterConfigSynchronization
 .text.HAL_TIMEx_CommutCallback
                0x08004960       0x12 ./Drivers/STM32F1xx_HAL_Driver/Src/stm32f1xx_hal_tim_ex.o
                0x08004960                HAL_TIMEx_CommutCallback
 .text.HAL_TIMEx_BreakCallback
                0x08004972       0x12 ./Drivers/STM32F1xx_HAL_Driver/Src/stm32f1xx_hal_tim_ex.o
                0x08004972                HAL_TIMEx_BreakCallback
 .text.HAL_UART_Init
                0x08004984       0xa0 ./Drivers/STM32F1xx_HAL_Driver/Src/stm32f1xx_hal_uart.o
                0x08004984                HAL_UART_Init
 .text.HAL_UART_Transmit
                0x08004a24      0x116 ./Drivers/STM32F1xx_HAL_Driver/Src/stm32f1xx_hal_uart.o
                0x08004a24                HAL_UART_Transmit
 .text.UART_WaitOnFlagUntilTimeout
                0x08004b3a       0xb2 ./Drivers/STM32F1xx_HAL_Driver/Src/stm32f1xx_hal_uart.o
 .text.UART_EndRxTransfer
                0x08004bec       0xc4 ./Drivers/STM32F1xx_HAL_Driver/Src/stm32f1xx_hal_uart.o
 .text.UART_SetConfig
                0x08004cb0      0x11c ./Drivers/STM32F1xx_HAL_Driver/Src/stm32f1xx_hal_uart.o
 .text.memset   0x08004dcc       0x10 C:/ST/STM32CubeIDE_1.18.0/STM32CubeIDE/plugins/com.st.stm32cube.ide.mcu.externaltools.gnu-tools-for-stm32.13.3.rel1.win32_1.0.0.202411081344/tools/bin/../lib/gcc/arm-none-eabi/13.3.1/../../../../arm-none-eabi/lib/thumb/v7-m/nofp\libc_nano.a(libc_a-memset.o)
                0x08004dcc                memset
 .text.__libc_init_array
                0x08004ddc       0x48 C:/ST/STM32CubeIDE_1.18.0/STM32CubeIDE/plugins/com.st.stm32cube.ide.mcu.externaltools.gnu-tools-for-stm32.13.3.rel1.win32_1.0.0.202411081344/tools/bin/../lib/gcc/arm-none-eabi/13.3.1/../../../../arm-none-eabi/lib/thumb/v7-m/nofp\libc_nano.a(libc_a-init.o)
                0x08004ddc                __libc_init_array
 .text.round    0x08004e24       0x8c C:/ST/STM32CubeIDE_1.18.0/STM32CubeIDE/plugins/com.st.stm32cube.ide.mcu.externaltools.gnu-tools-for-stm32.13.3.rel1.win32_1.0.0.202411081344/tools/bin/../lib/gcc/arm-none-eabi/13.3.1/../../../../arm-none-eabi/lib/thumb/v7-m/nofp\libm.a(libm_a-s_round.o)
                0x08004e24                round
 *(.glue_7)
 .glue_7        0x08004eb0        0x0 linker stubs
 *(.glue_7t)
 .glue_7t       0x08004eb0        0x0 linker stubs
 *(.eh_frame)
 .eh_frame      0x08004eb0        0x0 C:/ST/STM32CubeIDE_1.18.0/STM32CubeIDE/plugins/com.st.stm32cube.ide.mcu.externaltools.gnu-tools-for-stm32.13.3.rel1.win32_1.0.0.202411081344/tools/bin/../lib/gcc/arm-none-eabi/13.3.1/thumb/v7-m/nofp/crtbegin.o
 *(.init)
 .init          0x08004eb0        0x4 C:/ST/STM32CubeIDE_1.18.0/STM32CubeIDE/plugins/com.st.stm32cube.ide.mcu.externaltools.gnu-tools-for-stm32.13.3.rel1.win32_1.0.0.202411081344/tools/bin/../lib/gcc/arm-none-eabi/13.3.1/thumb/v7-m/nofp/crti.o
                0x08004eb0                _init
 .init          0x08004eb4        0x8 C:/ST/STM32CubeIDE_1.18.0/STM32CubeIDE/plugins/com.st.stm32cube.ide.mcu.externaltools.gnu-tools-for-stm32.13.3.rel1.win32_1.0.0.202411081344/tools/bin/../lib/gcc/arm-none-eabi/13.3.1/thumb/v7-m/nofp/crtn.o
 *(.fini)
 .fini          0x08004ebc        0x4 C:/ST/STM32CubeIDE_1.18.0/STM32CubeIDE/plugins/com.st.stm32cube.ide.mcu.externaltools.gnu-tools-for-stm32.13.3.rel1.win32_1.0.0.202411081344/tools/bin/../lib/gcc/arm-none-eabi/13.3.1/thumb/v7-m/nofp/crti.o
                0x08004ebc                _fini
 .fini          0x08004ec0        0x8 C:/ST/STM32CubeIDE_1.18.0/STM32CubeIDE/plugins/com.st.stm32cube.ide.mcu.externaltools.gnu-tools-for-stm32.13.3.rel1.win32_1.0.0.202411081344/tools/bin/../lib/gcc/arm-none-eabi/13.3.1/thumb/v7-m/nofp/crtn.o
                0x08004ec8                        . = ALIGN (0x4)
                0x08004ec8                        _etext = .

.vfp11_veneer   0x08004ec8        0x0
 .vfp11_veneer  0x08004ec8        0x0 linker stubs

.v4_bx          0x08004ec8        0x0
 .v4_bx         0x08004ec8        0x0 linker stubs

.iplt           0x08004ec8        0x0
 .iplt          0x08004ec8        0x0 C:/ST/STM32CubeIDE_1.18.0/STM32CubeIDE/plugins/com.st.stm32cube.ide.mcu.externaltools.gnu-tools-for-stm32.13.3.rel1.win32_1.0.0.202411081344/tools/bin/../lib/gcc/arm-none-eabi/13.3.1/thumb/v7-m/nofp/crtbegin.o

.rodata         0x08004ec8      0xe34
                0x08004ec8                        . = ALIGN (0x4)
 *(.rodata)
 .rodata        0x08004ec8       0x8d ./Core/Src/menu.o
 *(.rodata*)
 *fill*         0x08004f55        0x3 
 .rodata.OLED_F8x16
                0x08004f58      0x5f0 ./Core/Src/OLED_Data.o
                0x08004f58                OLED_F8x16
 .rodata.OLED_F6x8
                0x08005548      0x23a ./Core/Src/OLED_Data.o
                0x08005548                OLED_F6x8
 *fill*         0x08005782        0x2 
 .rodata.OLED_CF16x16
                0x08005784      0x4ec ./Core/Src/OLED_Data.o
                0x08005784                OLED_CF16x16
 .rodata.Return
                0x08005c70       0x20 ./Core/Src/OLED_Data.o
                0x08005c70                Return
 .rodata.Start  0x08005c90       0x20 ./Core/Src/OLED_Data.o
                0x08005c90                Start
 .rodata.Reset  0x08005cb0       0x20 ./Core/Src/OLED_Data.o
                0x08005cb0                Reset
 .rodata.AHBPrescTable
                0x08005cd0       0x10 ./Core/Src/system_stm32f1xx.o
                0x08005cd0                AHBPrescTable
 .rodata.APBPrescTable
                0x08005ce0        0x8 ./Core/Src/system_stm32f1xx.o
                0x08005ce0                APBPrescTable
 .rodata.aPLLMULFactorTable.1
                0x08005ce8       0x10 ./Drivers/STM32F1xx_HAL_Driver/Src/stm32f1xx_hal_rcc.o
 .rodata.aPredivFactorTable.0
                0x08005cf8        0x2 ./Drivers/STM32F1xx_HAL_Driver/Src/stm32f1xx_hal_rcc.o
                0x08005cfc                        . = ALIGN (0x4)
 *fill*         0x08005cfa        0x2 

.ARM.extab      0x08005cfc        0x0
                0x08005cfc                        . = ALIGN (0x4)
 *(.ARM.extab* .gnu.linkonce.armextab.*)
                0x08005cfc                        . = ALIGN (0x4)

.ARM            0x08005cfc        0x8
                0x08005cfc                        . = ALIGN (0x4)
                0x08005cfc                        __exidx_start = .
 *(.ARM.exidx*)
 .ARM.exidx     0x08005cfc        0x8 C:/ST/STM32CubeIDE_1.18.0/STM32CubeIDE/plugins/com.st.stm32cube.ide.mcu.externaltools.gnu-tools-for-stm32.13.3.rel1.win32_1.0.0.202411081344/tools/bin/../lib/gcc/arm-none-eabi/13.3.1/../../../../arm-none-eabi/lib/thumb/v7-m/nofp\libc_nano.a(libc_a-strcmp.o)
                0x08005d04                        __exidx_end = .
                0x08005d04                        . = ALIGN (0x4)

.preinit_array  0x08005d04        0x0
                0x08005d04                        . = ALIGN (0x4)
                0x08005d04                        PROVIDE (__preinit_array_start = .)
 *(.preinit_array*)
                0x08005d04                        PROVIDE (__preinit_array_end = .)
                0x08005d04                        . = ALIGN (0x4)

.init_array     0x08005d04        0x4
                0x08005d04                        . = ALIGN (0x4)
                0x08005d04                        PROVIDE (__init_array_start = .)
 *(SORT_BY_NAME(.init_array.*))
 *(.init_array*)
 .init_array    0x08005d04        0x4 C:/ST/STM32CubeIDE_1.18.0/STM32CubeIDE/plugins/com.st.stm32cube.ide.mcu.externaltools.gnu-tools-for-stm32.13.3.rel1.win32_1.0.0.202411081344/tools/bin/../lib/gcc/arm-none-eabi/13.3.1/thumb/v7-m/nofp/crtbegin.o
                0x08005d08                        PROVIDE (__init_array_end = .)
                0x08005d08                        . = ALIGN (0x4)

.fini_array     0x08005d08        0x4
                0x08005d08                        . = ALIGN (0x4)
                [!provide]                        PROVIDE (__fini_array_start = .)
 *(SORT_BY_NAME(.fini_array.*))
 *(.fini_array*)
 .fini_array    0x08005d08        0x4 C:/ST/STM32CubeIDE_1.18.0/STM32CubeIDE/plugins/com.st.stm32cube.ide.mcu.externaltools.gnu-tools-for-stm32.13.3.rel1.win32_1.0.0.202411081344/tools/bin/../lib/gcc/arm-none-eabi/13.3.1/thumb/v7-m/nofp/crtbegin.o
                [!provide]                        PROVIDE (__fini_array_end = .)
                0x08005d0c                        . = ALIGN (0x4)
                0x08005d0c                        _sidata = LOADADDR (.data)

.rel.dyn        0x08005d0c        0x0
 .rel.iplt      0x08005d0c        0x0 C:/ST/STM32CubeIDE_1.18.0/STM32CubeIDE/plugins/com.st.stm32cube.ide.mcu.externaltools.gnu-tools-for-stm32.13.3.rel1.win32_1.0.0.202411081344/tools/bin/../lib/gcc/arm-none-eabi/13.3.1/thumb/v7-m/nofp/crtbegin.o

.data           0x20000000       0x18 load address 0x08005d0c
                0x20000000                        . = ALIGN (0x4)
                0x20000000                        _sdata = .
 *(.data)
 *(.data*)
 .data.Home_Flag
                0x20000000        0x1 ./Core/Src/main.o
                0x20000000                Home_Flag
 .data.Home_Flag_Record
                0x20000001        0x1 ./Core/Src/main.o
                0x20000001                Home_Flag_Record
 .data.mainflag
                0x20000002        0x1 ./Core/Src/menu.o
                0x20000002                mainflag
 .data.modeflag
                0x20000003        0x1 ./Core/Src/menu.o
                0x20000003                modeflag
 .data.single_modeflag
                0x20000004        0x1 ./Core/Src/menu.o
                0x20000004                single_modeflag
 .data.multi_modeflag
                0x20000005        0x1 ./Core/Src/menu.o
                0x20000005                multi_modeflag
 .data.single_dataflag
                0x20000006        0x1 ./Core/Src/menu.o
                0x20000006                single_dataflag
 .data.select_dataflag
                0x20000007        0x1 ./Core/Src/menu.o
                0x20000007                select_dataflag
 .data.multi_count_num.0
                0x20000008        0x4 ./Core/Src/menu.o
 .data.SystemCoreClock
                0x2000000c        0x4 ./Core/Src/system_stm32f1xx.o
                0x2000000c                SystemCoreClock
 .data.uwTickPrio
                0x20000010        0x4 ./Drivers/STM32F1xx_HAL_Driver/Src/stm32f1xx_hal.o
                0x20000010                uwTickPrio
 .data.uwTickFreq
                0x20000014        0x1 ./Drivers/STM32F1xx_HAL_Driver/Src/stm32f1xx_hal.o
                0x20000014                uwTickFreq
 *(.RamFunc)
 *(.RamFunc*)
                0x20000018                        . = ALIGN (0x4)
 *fill*         0x20000015        0x3 
                0x20000018                        _edata = .

.igot.plt       0x20000018        0x0 load address 0x08005d24
 .igot.plt      0x20000018        0x0 C:/ST/STM32CubeIDE_1.18.0/STM32CubeIDE/plugins/com.st.stm32cube.ide.mcu.externaltools.gnu-tools-for-stm32.13.3.rel1.win32_1.0.0.202411081344/tools/bin/../lib/gcc/arm-none-eabi/13.3.1/thumb/v7-m/nofp/crtbegin.o
                0x20000018                        . = ALIGN (0x4)

.bss            0x20000018      0x5c4 load address 0x08005d24
                0x20000018                        _sbss = .
                0x20000018                        __bss_start__ = _sbss
 *(.bss)
 .bss           0x20000018       0x1c C:/ST/STM32CubeIDE_1.18.0/STM32CubeIDE/plugins/com.st.stm32cube.ide.mcu.externaltools.gnu-tools-for-stm32.13.3.rel1.win32_1.0.0.202411081344/tools/bin/../lib/gcc/arm-none-eabi/13.3.1/thumb/v7-m/nofp/crtbegin.o
 *(.bss*)
 .bss.OLED_DisplayBuf
                0x20000034      0x400 ./Core/Src/OLED.o
                0x20000034                OLED_DisplayBuf
 .bss.Key_Num   0x20000434        0x1 ./Core/Src/key.o
                0x20000434                Key_Num
 .bss.Count.2   0x20000435        0x1 ./Core/Src/key.o
 .bss.CurrentState.1
                0x20000436        0x1 ./Core/Src/key.o
 .bss.PreState.0
                0x20000437        0x1 ./Core/Src/key.o
 .bss.distance  0x20000438        0x4 ./Core/Src/main.o
                0x20000438                distance
 .bss.countcount
                0x2000043c        0x1 ./Core/Src/main.o
                0x2000043c                countcount
 .bss.shutdown_flag
                0x2000043d        0x1 ./Core/Src/main.o
                0x2000043d                shutdown_flag
 *fill*         0x2000043e        0x2 
 .bss.single_height_data
                0x20000440        0xc ./Core/Src/main.o
                0x20000440                single_height_data
 .bss.multi_height_data
                0x2000044c        0xc ./Core/Src/main.o
                0x2000044c                multi_height_data
 .bss.sec_count
                0x20000458        0x1 ./Core/Src/main.o
                0x20000458                sec_count
 .bss.single_flag
                0x20000459        0x1 ./Core/Src/menu.o
                0x20000459                single_flag
 *fill*         0x2000045a        0x2 
 .bss.multi_height_data_Buffer
                0x2000045c        0xc ./Core/Src/menu.o
                0x2000045c                multi_height_data_Buffer
 .bss.multi_flag
                0x20000468        0x1 ./Core/Src/menu.o
                0x20000468                multi_flag
 .bss.show_data_flag
                0x20000469        0x1 ./Core/Src/menu.o
                0x20000469                show_data_flag
 .bss.KeyNum    0x2000046a        0x1 ./Core/Src/menu.o
                0x2000046a                KeyNum
 .bss.Mode_Flag
                0x2000046b        0x1 ./Core/Src/menu.o
                0x2000046b                Mode_Flag
 .bss.goal.0    0x2000046c        0x1 ./Core/Src/stm32f1xx_it.o
 *fill*         0x2000046d        0x3 
 .bss.htim1     0x20000470       0x48 ./Core/Src/tim.o
                0x20000470                htim1
 .bss.htim2     0x200004b8       0x48 ./Core/Src/tim.o
                0x200004b8                htim2
 .bss.htim3     0x20000500       0x48 ./Core/Src/tim.o
                0x20000500                htim3
 .bss.htim4     0x20000548       0x48 ./Core/Src/tim.o
                0x20000548                htim4
 .bss.huart1    0x20000590       0x48 ./Core/Src/usart.o
                0x20000590                huart1
 .bss.uwTick    0x200005d8        0x4 ./Drivers/STM32F1xx_HAL_Driver/Src/stm32f1xx_hal.o
                0x200005d8                uwTick
 *(COMMON)
                0x200005dc                        . = ALIGN (0x4)
                0x200005dc                        _ebss = .
                0x200005dc                        __bss_end__ = _ebss

._user_heap_stack
                0x200005dc      0x604 load address 0x08005d24
                0x200005e0                        . = ALIGN (0x8)
 *fill*         0x200005dc        0x4 
                [!provide]                        PROVIDE (end = .)
                0x200005e0                        PROVIDE (_end = .)
                0x200007e0                        . = (. + _Min_Heap_Size)
 *fill*         0x200005e0      0x200 
                0x20000be0                        . = (. + _Min_Stack_Size)
 *fill*         0x200007e0      0x400 
                0x20000be0                        . = ALIGN (0x8)

/DISCARD/
 libc.a(*)
 libm.a(*)
 libgcc.a(*)

.ARM.attributes
                0x00000000       0x29
 *(.ARM.attributes)
 .ARM.attributes
                0x00000000       0x1d C:/ST/STM32CubeIDE_1.18.0/STM32CubeIDE/plugins/com.st.stm32cube.ide.mcu.externaltools.gnu-tools-for-stm32.13.3.rel1.win32_1.0.0.202411081344/tools/bin/../lib/gcc/arm-none-eabi/13.3.1/thumb/v7-m/nofp/crti.o
 .ARM.attributes
                0x0000001d       0x2d C:/ST/STM32CubeIDE_1.18.0/STM32CubeIDE/plugins/com.st.stm32cube.ide.mcu.externaltools.gnu-tools-for-stm32.13.3.rel1.win32_1.0.0.202411081344/tools/bin/../lib/gcc/arm-none-eabi/13.3.1/thumb/v7-m/nofp/crtbegin.o
 .ARM.attributes
                0x0000004a       0x2d ./Core/Src/OLED.o
 .ARM.attributes
                0x00000077       0x2d ./Core/Src/OLED_Data.o
 .ARM.attributes
                0x000000a4       0x2d ./Core/Src/SR_04.o
 .ARM.attributes
                0x000000d1       0x2d ./Core/Src/gpio.o
 .ARM.attributes
                0x000000fe       0x2d ./Core/Src/key.o
 .ARM.attributes
                0x0000012b       0x2d ./Core/Src/main.o
 .ARM.attributes
                0x00000158       0x2d ./Core/Src/menu.o
 .ARM.attributes
                0x00000185       0x2d ./Core/Src/stm32f1xx_hal_msp.o
 .ARM.attributes
                0x000001b2       0x2d ./Core/Src/stm32f1xx_it.o
 .ARM.attributes
                0x000001df       0x2d ./Core/Src/system_stm32f1xx.o
 .ARM.attributes
                0x0000020c       0x2d ./Core/Src/tim.o
 .ARM.attributes
                0x00000239       0x2d ./Core/Src/usart.o
 .ARM.attributes
                0x00000266       0x21 ./Core/Startup/startup_stm32f103c8tx.o
 .ARM.attributes
                0x00000287       0x2d ./Drivers/STM32F1xx_HAL_Driver/Src/stm32f1xx_hal.o
 .ARM.attributes
                0x000002b4       0x2d ./Drivers/STM32F1xx_HAL_Driver/Src/stm32f1xx_hal_cortex.o
 .ARM.attributes
                0x000002e1       0x2d ./Drivers/STM32F1xx_HAL_Driver/Src/stm32f1xx_hal_gpio.o
 .ARM.attributes
                0x0000030e       0x2d ./Drivers/STM32F1xx_HAL_Driver/Src/stm32f1xx_hal_rcc.o
 .ARM.attributes
                0x0000033b       0x2d ./Drivers/STM32F1xx_HAL_Driver/Src/stm32f1xx_hal_tim.o
 .ARM.attributes
                0x00000368       0x2d ./Drivers/STM32F1xx_HAL_Driver/Src/stm32f1xx_hal_tim_ex.o
 .ARM.attributes
                0x00000395       0x2d ./Drivers/STM32F1xx_HAL_Driver/Src/stm32f1xx_hal_uart.o
 .ARM.attributes
                0x000003c2       0x2d C:/ST/STM32CubeIDE_1.18.0/STM32CubeIDE/plugins/com.st.stm32cube.ide.mcu.externaltools.gnu-tools-for-stm32.13.3.rel1.win32_1.0.0.202411081344/tools/bin/../lib/gcc/arm-none-eabi/13.3.1/../../../../arm-none-eabi/lib/thumb/v7-m/nofp\libc_nano.a(libc_a-memset.o)
 .ARM.attributes
                0x000003ef       0x2d C:/ST/STM32CubeIDE_1.18.0/STM32CubeIDE/plugins/com.st.stm32cube.ide.mcu.externaltools.gnu-tools-for-stm32.13.3.rel1.win32_1.0.0.202411081344/tools/bin/../lib/gcc/arm-none-eabi/13.3.1/../../../../arm-none-eabi/lib/thumb/v7-m/nofp\libc_nano.a(libc_a-init.o)
 .ARM.attributes
                0x0000041c       0x1b C:/ST/STM32CubeIDE_1.18.0/STM32CubeIDE/plugins/com.st.stm32cube.ide.mcu.externaltools.gnu-tools-for-stm32.13.3.rel1.win32_1.0.0.202411081344/tools/bin/../lib/gcc/arm-none-eabi/13.3.1/../../../../arm-none-eabi/lib/thumb/v7-m/nofp\libc_nano.a(libc_a-strcmp.o)
 .ARM.attributes
                0x00000437       0x2d C:/ST/STM32CubeIDE_1.18.0/STM32CubeIDE/plugins/com.st.stm32cube.ide.mcu.externaltools.gnu-tools-for-stm32.13.3.rel1.win32_1.0.0.202411081344/tools/bin/../lib/gcc/arm-none-eabi/13.3.1/../../../../arm-none-eabi/lib/thumb/v7-m/nofp\libm.a(libm_a-s_round.o)
 .ARM.attributes
                0x00000464       0x1d C:/ST/STM32CubeIDE_1.18.0/STM32CubeIDE/plugins/com.st.stm32cube.ide.mcu.externaltools.gnu-tools-for-stm32.13.3.rel1.win32_1.0.0.202411081344/tools/bin/../lib/gcc/arm-none-eabi/13.3.1/thumb/v7-m/nofp\libgcc.a(_arm_addsubdf3.o)
 .ARM.attributes
                0x00000481       0x1d C:/ST/STM32CubeIDE_1.18.0/STM32CubeIDE/plugins/com.st.stm32cube.ide.mcu.externaltools.gnu-tools-for-stm32.13.3.rel1.win32_1.0.0.202411081344/tools/bin/../lib/gcc/arm-none-eabi/13.3.1/thumb/v7-m/nofp\libgcc.a(_arm_muldivdf3.o)
 .ARM.attributes
                0x0000049e       0x1d C:/ST/STM32CubeIDE_1.18.0/STM32CubeIDE/plugins/com.st.stm32cube.ide.mcu.externaltools.gnu-tools-for-stm32.13.3.rel1.win32_1.0.0.202411081344/tools/bin/../lib/gcc/arm-none-eabi/13.3.1/thumb/v7-m/nofp\libgcc.a(_arm_cmpdf2.o)
 .ARM.attributes
                0x000004bb       0x1d C:/ST/STM32CubeIDE_1.18.0/STM32CubeIDE/plugins/com.st.stm32cube.ide.mcu.externaltools.gnu-tools-for-stm32.13.3.rel1.win32_1.0.0.202411081344/tools/bin/../lib/gcc/arm-none-eabi/13.3.1/thumb/v7-m/nofp\libgcc.a(_arm_fixunsdfsi.o)
 .ARM.attributes
                0x000004d8       0x1d C:/ST/STM32CubeIDE_1.18.0/STM32CubeIDE/plugins/com.st.stm32cube.ide.mcu.externaltools.gnu-tools-for-stm32.13.3.rel1.win32_1.0.0.202411081344/tools/bin/../lib/gcc/arm-none-eabi/13.3.1/thumb/v7-m/nofp\libgcc.a(_arm_truncdfsf2.o)
 .ARM.attributes
                0x000004f5       0x1d C:/ST/STM32CubeIDE_1.18.0/STM32CubeIDE/plugins/com.st.stm32cube.ide.mcu.externaltools.gnu-tools-for-stm32.13.3.rel1.win32_1.0.0.202411081344/tools/bin/../lib/gcc/arm-none-eabi/13.3.1/thumb/v7-m/nofp\libgcc.a(_arm_addsubsf3.o)
 .ARM.attributes
                0x00000512       0x1d C:/ST/STM32CubeIDE_1.18.0/STM32CubeIDE/plugins/com.st.stm32cube.ide.mcu.externaltools.gnu-tools-for-stm32.13.3.rel1.win32_1.0.0.202411081344/tools/bin/../lib/gcc/arm-none-eabi/13.3.1/thumb/v7-m/nofp\libgcc.a(_arm_muldivsf3.o)
 .ARM.attributes
                0x0000052f       0x1d C:/ST/STM32CubeIDE_1.18.0/STM32CubeIDE/plugins/com.st.stm32cube.ide.mcu.externaltools.gnu-tools-for-stm32.13.3.rel1.win32_1.0.0.202411081344/tools/bin/../lib/gcc/arm-none-eabi/13.3.1/thumb/v7-m/nofp/crtn.o
OUTPUT(stm32_Ult_height_measure.elf elf32-littlearm)
LOAD linker stubs
LOAD C:/ST/STM32CubeIDE_1.18.0/STM32CubeIDE/plugins/com.st.stm32cube.ide.mcu.externaltools.gnu-tools-for-stm32.13.3.rel1.win32_1.0.0.202411081344/tools/bin/../lib/gcc/arm-none-eabi/13.3.1/../../../../arm-none-eabi/lib/thumb/v7-m/nofp\libc.a
LOAD C:/ST/STM32CubeIDE_1.18.0/STM32CubeIDE/plugins/com.st.stm32cube.ide.mcu.externaltools.gnu-tools-for-stm32.13.3.rel1.win32_1.0.0.202411081344/tools/bin/../lib/gcc/arm-none-eabi/13.3.1/../../../../arm-none-eabi/lib/thumb/v7-m/nofp\libm.a
LOAD C:/ST/STM32CubeIDE_1.18.0/STM32CubeIDE/plugins/com.st.stm32cube.ide.mcu.externaltools.gnu-tools-for-stm32.13.3.rel1.win32_1.0.0.202411081344/tools/bin/../lib/gcc/arm-none-eabi/13.3.1/thumb/v7-m/nofp\libgcc.a

.debug_info     0x00000000     0xdf21
 .debug_info    0x00000000     0x10e7 ./Core/Src/OLED.o
 .debug_info    0x000010e7      0x253 ./Core/Src/OLED_Data.o
 .debug_info    0x0000133a      0x70a ./Core/Src/SR_04.o
 .debug_info    0x00001a44      0x432 ./Core/Src/gpio.o
 .debug_info    0x00001e76      0x238 ./Core/Src/key.o
 .debug_info    0x000020ae      0xdea ./Core/Src/main.o
 .debug_info    0x00002e98      0x5aa ./Core/Src/menu.o
 .debug_info    0x00003442      0x1f1 ./Core/Src/stm32f1xx_hal_msp.o
 .debug_info    0x00003633      0x838 ./Core/Src/stm32f1xx_it.o
 .debug_info    0x00003e6b      0x222 ./Core/Src/system_stm32f1xx.o
 .debug_info    0x0000408d      0xae0 ./Core/Src/tim.o
 .debug_info    0x00004b6d      0x798 ./Core/Src/usart.o
 .debug_info    0x00005305       0x30 ./Core/Startup/startup_stm32f103c8tx.o
 .debug_info    0x00005335      0x704 ./Drivers/STM32F1xx_HAL_Driver/Src/stm32f1xx_hal.o
 .debug_info    0x00005a39      0xa87 ./Drivers/STM32F1xx_HAL_Driver/Src/stm32f1xx_hal_cortex.o
 .debug_info    0x000064c0      0x5ab ./Drivers/STM32F1xx_HAL_Driver/Src/stm32f1xx_hal_gpio.o
 .debug_info    0x00006a6b      0x7d5 ./Drivers/STM32F1xx_HAL_Driver/Src/stm32f1xx_hal_rcc.o
 .debug_info    0x00007240     0x2959 ./Drivers/STM32F1xx_HAL_Driver/Src/stm32f1xx_hal_tim.o
 .debug_info    0x00009b99     0x149b ./Drivers/STM32F1xx_HAL_Driver/Src/stm32f1xx_hal_tim_ex.o
 .debug_info    0x0000b034     0x2eed ./Drivers/STM32F1xx_HAL_Driver/Src/stm32f1xx_hal_uart.o

.debug_abbrev   0x00000000     0x2654
 .debug_abbrev  0x00000000      0x2b6 ./Core/Src/OLED.o
 .debug_abbrev  0x000002b6       0xaf ./Core/Src/OLED_Data.o
 .debug_abbrev  0x00000365      0x176 ./Core/Src/SR_04.o
 .debug_abbrev  0x000004db      0x161 ./Core/Src/gpio.o
 .debug_abbrev  0x0000063c      0x154 ./Core/Src/key.o
 .debug_abbrev  0x00000790      0x2a8 ./Core/Src/main.o
 .debug_abbrev  0x00000a38      0x26e ./Core/Src/menu.o
 .debug_abbrev  0x00000ca6       0xdb ./Core/Src/stm32f1xx_hal_msp.o
 .debug_abbrev  0x00000d81      0x206 ./Core/Src/stm32f1xx_it.o
 .debug_abbrev  0x00000f87      0x13f ./Core/Src/system_stm32f1xx.o
 .debug_abbrev  0x000010c6      0x21d ./Core/Src/tim.o
 .debug_abbrev  0x000012e3      0x1e6 ./Core/Src/usart.o
 .debug_abbrev  0x000014c9       0x24 ./Core/Startup/startup_stm32f103c8tx.o
 .debug_abbrev  0x000014ed      0x201 ./Drivers/STM32F1xx_HAL_Driver/Src/stm32f1xx_hal.o
 .debug_abbrev  0x000016ee      0x2f8 ./Drivers/STM32F1xx_HAL_Driver/Src/stm32f1xx_hal_cortex.o
 .debug_abbrev  0x000019e6      0x1ca ./Drivers/STM32F1xx_HAL_Driver/Src/stm32f1xx_hal_gpio.o
 .debug_abbrev  0x00001bb0      0x2b3 ./Drivers/STM32F1xx_HAL_Driver/Src/stm32f1xx_hal_rcc.o
 .debug_abbrev  0x00001e63      0x277 ./Drivers/STM32F1xx_HAL_Driver/Src/stm32f1xx_hal_tim.o
 .debug_abbrev  0x000020da      0x282 ./Drivers/STM32F1xx_HAL_Driver/Src/stm32f1xx_hal_tim_ex.o
 .debug_abbrev  0x0000235c      0x2f8 ./Drivers/STM32F1xx_HAL_Driver/Src/stm32f1xx_hal_uart.o

.debug_aranges  0x00000000      0xdf0
 .debug_aranges
                0x00000000      0x138 ./Core/Src/OLED.o
 .debug_aranges
                0x00000138       0x18 ./Core/Src/OLED_Data.o
 .debug_aranges
                0x00000150       0x20 ./Core/Src/SR_04.o
 .debug_aranges
                0x00000170       0x20 ./Core/Src/gpio.o
 .debug_aranges
                0x00000190       0x30 ./Core/Src/key.o
 .debug_aranges
                0x000001c0       0x40 ./Core/Src/main.o
 .debug_aranges
                0x00000200       0x80 ./Core/Src/menu.o
 .debug_aranges
                0x00000280       0x20 ./Core/Src/stm32f1xx_hal_msp.o
 .debug_aranges
                0x000002a0       0x80 ./Core/Src/stm32f1xx_it.o
 .debug_aranges
                0x00000320       0x28 ./Core/Src/system_stm32f1xx.o
 .debug_aranges
                0x00000348       0x48 ./Core/Src/tim.o
 .debug_aranges
                0x00000390       0x30 ./Core/Src/usart.o
 .debug_aranges
                0x000003c0       0x28 ./Core/Startup/startup_stm32f103c8tx.o
 .debug_aranges
                0x000003e8       0xe0 ./Drivers/STM32F1xx_HAL_Driver/Src/stm32f1xx_hal.o
 .debug_aranges
                0x000004c8      0x100 ./Drivers/STM32F1xx_HAL_Driver/Src/stm32f1xx_hal_cortex.o
 .debug_aranges
                0x000005c8       0x58 ./Drivers/STM32F1xx_HAL_Driver/Src/stm32f1xx_hal_gpio.o
 .debug_aranges
                0x00000620       0x90 ./Drivers/STM32F1xx_HAL_Driver/Src/stm32f1xx_hal_rcc.o
 .debug_aranges
                0x000006b0      0x3d0 ./Drivers/STM32F1xx_HAL_Driver/Src/stm32f1xx_hal_tim.o
 .debug_aranges
                0x00000a80      0x168 ./Drivers/STM32F1xx_HAL_Driver/Src/stm32f1xx_hal_tim_ex.o
 .debug_aranges
                0x00000be8      0x208 ./Drivers/STM32F1xx_HAL_Driver/Src/stm32f1xx_hal_uart.o

.debug_rnglists
                0x00000000      0xae9
 .debug_rnglists
                0x00000000       0xfa ./Core/Src/OLED.o
 .debug_rnglists
                0x000000fa       0x13 ./Core/Src/SR_04.o
 .debug_rnglists
                0x0000010d       0x14 ./Core/Src/gpio.o
 .debug_rnglists
                0x00000121       0x20 ./Core/Src/key.o
 .debug_rnglists
                0x00000141       0x3b ./Core/Src/main.o
 .debug_rnglists
                0x0000017c       0x71 ./Core/Src/menu.o
 .debug_rnglists
                0x000001ed       0x13 ./Core/Src/stm32f1xx_hal_msp.o
 .debug_rnglists
                0x00000200       0x5b ./Core/Src/stm32f1xx_it.o
 .debug_rnglists
                0x0000025b       0x1a ./Core/Src/system_stm32f1xx.o
 .debug_rnglists
                0x00000275       0x37 ./Core/Src/tim.o
 .debug_rnglists
                0x000002ac       0x20 ./Core/Src/usart.o
 .debug_rnglists
                0x000002cc       0x19 ./Core/Startup/startup_stm32f103c8tx.o
 .debug_rnglists
                0x000002e5       0xa3 ./Drivers/STM32F1xx_HAL_Driver/Src/stm32f1xx_hal.o
 .debug_rnglists
                0x00000388       0xbb ./Drivers/STM32F1xx_HAL_Driver/Src/stm32f1xx_hal_cortex.o
 .debug_rnglists
                0x00000443       0x3f ./Drivers/STM32F1xx_HAL_Driver/Src/stm32f1xx_hal_gpio.o
 .debug_rnglists
                0x00000482       0x6c ./Drivers/STM32F1xx_HAL_Driver/Src/stm32f1xx_hal_rcc.o
 .debug_rnglists
                0x000004ee      0x31a ./Drivers/STM32F1xx_HAL_Driver/Src/stm32f1xx_hal_tim.o
 .debug_rnglists
                0x00000808      0x125 ./Drivers/STM32F1xx_HAL_Driver/Src/stm32f1xx_hal_tim_ex.o
 .debug_rnglists
                0x0000092d      0x1bc ./Drivers/STM32F1xx_HAL_Driver/Src/stm32f1xx_hal_uart.o

.debug_macro    0x00000000    0x184f4
 .debug_macro   0x00000000      0x2ed ./Core/Src/OLED.o
 .debug_macro   0x000002ed      0xacc ./Core/Src/OLED.o
 .debug_macro   0x00000db9       0x22 ./Core/Src/OLED.o
 .debug_macro   0x00000ddb       0x8e ./Core/Src/OLED.o
 .debug_macro   0x00000e69       0x51 ./Core/Src/OLED.o
 .debug_macro   0x00000eba      0x103 ./Core/Src/OLED.o
 .debug_macro   0x00000fbd       0x6a ./Core/Src/OLED.o
 .debug_macro   0x00001027      0x1df ./Core/Src/OLED.o
 .debug_macro   0x00001206       0x10 ./Core/Src/OLED.o
 .debug_macro   0x00001216       0x1c ./Core/Src/OLED.o
 .debug_macro   0x00001232       0x61 ./Core/Src/OLED.o
 .debug_macro   0x00001293       0x24 ./Core/Src/OLED.o
 .debug_macro   0x000012b7       0x43 ./Core/Src/OLED.o
 .debug_macro   0x000012fa       0x34 ./Core/Src/OLED.o
 .debug_macro   0x0000132e      0x190 ./Core/Src/OLED.o
 .debug_macro   0x000014be      0x370 ./Core/Src/OLED.o
 .debug_macro   0x0000182e       0x16 ./Core/Src/OLED.o
 .debug_macro   0x00001844       0x4a ./Core/Src/OLED.o
 .debug_macro   0x0000188e       0x34 ./Core/Src/OLED.o
 .debug_macro   0x000018c2       0x10 ./Core/Src/OLED.o
 .debug_macro   0x000018d2       0x58 ./Core/Src/OLED.o
 .debug_macro   0x0000192a       0x8e ./Core/Src/OLED.o
 .debug_macro   0x000019b8       0x1c ./Core/Src/OLED.o
 .debug_macro   0x000019d4      0x185 ./Core/Src/OLED.o
 .debug_macro   0x00001b59       0x10 ./Core/Src/OLED.o
 .debug_macro   0x00001b69       0x3c ./Core/Src/OLED.o
 .debug_macro   0x00001ba5       0x20 ./Core/Src/OLED.o
 .debug_macro   0x00001bc5      0x19b ./Core/Src/OLED.o
 .debug_macro   0x00001d60       0x1c ./Core/Src/OLED.o
 .debug_macro   0x00001d7c       0x10 ./Core/Src/OLED.o
 .debug_macro   0x00001d8c       0x1c ./Core/Src/OLED.o
 .debug_macro   0x00001da8       0x16 ./Core/Src/OLED.o
 .debug_macro   0x00001dbe      0x146 ./Core/Src/OLED.o
 .debug_macro   0x00001f04       0x4c ./Core/Src/OLED.o
 .debug_macro   0x00001f50      0x21b ./Core/Src/OLED.o
 .debug_macro   0x0000216b       0x2e ./Core/Src/OLED.o
 .debug_macro   0x00002199       0x22 ./Core/Src/OLED.o
 .debug_macro   0x000021bb       0x1c ./Core/Src/OLED.o
 .debug_macro   0x000021d7       0x22 ./Core/Src/OLED.o
 .debug_macro   0x000021f9       0xbd ./Core/Src/OLED.o
 .debug_macro   0x000022b6      0xd23 ./Core/Src/OLED.o
 .debug_macro   0x00002fd9     0xe09e ./Core/Src/OLED.o
 .debug_macro   0x00011077       0x6d ./Core/Src/OLED.o
 .debug_macro   0x000110e4     0x34a2 ./Core/Src/OLED.o
 .debug_macro   0x00014586       0x56 ./Core/Src/OLED.o
 .debug_macro   0x000145dc      0x5bc ./Core/Src/OLED.o
 .debug_macro   0x00014b98      0x289 ./Core/Src/OLED.o
 .debug_macro   0x00014e21      0x1cb ./Core/Src/OLED.o
 .debug_macro   0x00014fec      0x114 ./Core/Src/OLED.o
 .debug_macro   0x00015100      0x1b2 ./Core/Src/OLED.o
 .debug_macro   0x000152b2       0x27 ./Core/Src/OLED.o
 .debug_macro   0x000152d9      0x136 ./Core/Src/OLED.o
 .debug_macro   0x0001540f      0x1bc ./Core/Src/OLED.o
 .debug_macro   0x000155cb       0x34 ./Core/Src/OLED.o
 .debug_macro   0x000155ff       0x3c ./Core/Src/OLED.o
 .debug_macro   0x0001563b       0x57 ./Core/Src/OLED.o
 .debug_macro   0x00015692       0x87 ./Core/Src/OLED.o
 .debug_macro   0x00015719      0x240 ./Core/Src/OLED.o
 .debug_macro   0x00015959      0x140 ./Core/Src/OLED.o
 .debug_macro   0x00015a99      0x8ed ./Core/Src/OLED.o
 .debug_macro   0x00016386      0x28e ./Core/Src/OLED.o
 .debug_macro   0x00016614       0x83 ./Core/Src/OLED.o
 .debug_macro   0x00016697       0x73 ./Core/Src/OLED_Data.o
 .debug_macro   0x0001670a      0x1c1 ./Core/Src/SR_04.o
 .debug_macro   0x000168cb       0x5c ./Core/Src/SR_04.o
 .debug_macro   0x00016927      0x1b7 ./Core/Src/gpio.o
 .debug_macro   0x00016ade      0x1ad ./Core/Src/key.o
 .debug_macro   0x00016c8b      0x209 ./Core/Src/main.o
 .debug_macro   0x00016e94      0x1d3 ./Core/Src/menu.o
 .debug_macro   0x00017067      0x1ad ./Core/Src/stm32f1xx_hal_msp.o
 .debug_macro   0x00017214      0x1b7 ./Core/Src/stm32f1xx_it.o
 .debug_macro   0x000173cb      0x1a3 ./Core/Src/system_stm32f1xx.o
 .debug_macro   0x0001756e      0x1b7 ./Core/Src/tim.o
 .debug_macro   0x00017725      0x1b7 ./Core/Src/usart.o
 .debug_macro   0x000178dc      0x1c7 ./Drivers/STM32F1xx_HAL_Driver/Src/stm32f1xx_hal.o
 .debug_macro   0x00017aa3      0x1a3 ./Drivers/STM32F1xx_HAL_Driver/Src/stm32f1xx_hal_cortex.o
 .debug_macro   0x00017c46      0x20e ./Drivers/STM32F1xx_HAL_Driver/Src/stm32f1xx_hal_gpio.o
 .debug_macro   0x00017e54      0x1b5 ./Drivers/STM32F1xx_HAL_Driver/Src/stm32f1xx_hal_rcc.o
 .debug_macro   0x00018009      0x1a4 ./Drivers/STM32F1xx_HAL_Driver/Src/stm32f1xx_hal_tim.o
 .debug_macro   0x000181ad      0x1a3 ./Drivers/STM32F1xx_HAL_Driver/Src/stm32f1xx_hal_tim_ex.o
 .debug_macro   0x00018350      0x1a4 ./Drivers/STM32F1xx_HAL_Driver/Src/stm32f1xx_hal_uart.o

.debug_line     0x00000000    0x11076
 .debug_line    0x00000000     0x1a7f ./Core/Src/OLED.o
 .debug_line    0x00001a7f      0x412 ./Core/Src/OLED_Data.o
 .debug_line    0x00001e91      0x705 ./Core/Src/SR_04.o
 .debug_line    0x00002596      0x73b ./Core/Src/gpio.o
 .debug_line    0x00002cd1      0x781 ./Core/Src/key.o
 .debug_line    0x00003452      0x9a1 ./Core/Src/main.o
 .debug_line    0x00003df3      0xbae ./Core/Src/menu.o
 .debug_line    0x000049a1      0x6fd ./Core/Src/stm32f1xx_hal_msp.o
 .debug_line    0x0000509e      0x81f ./Core/Src/stm32f1xx_it.o
 .debug_line    0x000058bd      0x77b ./Core/Src/system_stm32f1xx.o
 .debug_line    0x00006038      0x8f4 ./Core/Src/tim.o
 .debug_line    0x0000692c      0x770 ./Core/Src/usart.o
 .debug_line    0x0000709c       0x78 ./Core/Startup/startup_stm32f103c8tx.o
 .debug_line    0x00007114      0x9ac ./Drivers/STM32F1xx_HAL_Driver/Src/stm32f1xx_hal.o
 .debug_line    0x00007ac0      0xb76 ./Drivers/STM32F1xx_HAL_Driver/Src/stm32f1xx_hal_cortex.o
 .debug_line    0x00008636      0xa09 ./Drivers/STM32F1xx_HAL_Driver/Src/stm32f1xx_hal_gpio.o
 .debug_line    0x0000903f      0xe65 ./Drivers/STM32F1xx_HAL_Driver/Src/stm32f1xx_hal_rcc.o
 .debug_line    0x00009ea4     0x349a ./Drivers/STM32F1xx_HAL_Driver/Src/stm32f1xx_hal_tim.o
 .debug_line    0x0000d33e     0x1870 ./Drivers/STM32F1xx_HAL_Driver/Src/stm32f1xx_hal_tim_ex.o
 .debug_line    0x0000ebae     0x24c8 ./Drivers/STM32F1xx_HAL_Driver/Src/stm32f1xx_hal_uart.o

.debug_str      0x00000000    0x8aff1
 .debug_str     0x00000000    0x8aff1 ./Core/Src/OLED.o
                              0x87d07 (size before relaxing)
 .debug_str     0x0008aff1     0x3df0 ./Core/Src/OLED_Data.o
 .debug_str     0x0008aff1    0x83c90 ./Core/Src/SR_04.o
 .debug_str     0x0008aff1    0x83b0a ./Core/Src/gpio.o
 .debug_str     0x0008aff1    0x837f2 ./Core/Src/key.o
 .debug_str     0x0008aff1    0x842f6 ./Core/Src/main.o
 .debug_str     0x0008aff1    0x83aad ./Core/Src/menu.o
 .debug_str     0x0008aff1    0x8378b ./Core/Src/stm32f1xx_hal_msp.o
 .debug_str     0x0008aff1    0x83db3 ./Core/Src/stm32f1xx_it.o
 .debug_str     0x0008aff1    0x837b6 ./Core/Src/system_stm32f1xx.o
 .debug_str     0x0008aff1    0x840e5 ./Core/Src/tim.o
 .debug_str     0x0008aff1    0x83c4b ./Core/Src/usart.o
 .debug_str     0x0008aff1       0x97 ./Core/Startup/startup_stm32f103c8tx.o
 .debug_str     0x0008aff1    0x83ee9 ./Drivers/STM32F1xx_HAL_Driver/Src/stm32f1xx_hal.o
 .debug_str     0x0008aff1    0x83e35 ./Drivers/STM32F1xx_HAL_Driver/Src/stm32f1xx_hal_cortex.o
 .debug_str     0x0008aff1    0x83b3c ./Drivers/STM32F1xx_HAL_Driver/Src/stm32f1xx_hal_gpio.o
 .debug_str     0x0008aff1    0x83be5 ./Drivers/STM32F1xx_HAL_Driver/Src/stm32f1xx_hal_rcc.o
 .debug_str     0x0008aff1    0x84be7 ./Drivers/STM32F1xx_HAL_Driver/Src/stm32f1xx_hal_tim.o
 .debug_str     0x0008aff1    0x843f3 ./Drivers/STM32F1xx_HAL_Driver/Src/stm32f1xx_hal_tim_ex.o
 .debug_str     0x0008aff1    0x84256 ./Drivers/STM32F1xx_HAL_Driver/Src/stm32f1xx_hal_uart.o

.comment        0x00000000       0x43
 .comment       0x00000000       0x43 ./Core/Src/OLED.o
                                 0x44 (size before relaxing)
 .comment       0x00000043       0x44 ./Core/Src/OLED_Data.o
 .comment       0x00000043       0x44 ./Core/Src/SR_04.o
 .comment       0x00000043       0x44 ./Core/Src/gpio.o
 .comment       0x00000043       0x44 ./Core/Src/key.o
 .comment       0x00000043       0x44 ./Core/Src/main.o
 .comment       0x00000043       0x44 ./Core/Src/menu.o
 .comment       0x00000043       0x44 ./Core/Src/stm32f1xx_hal_msp.o
 .comment       0x00000043       0x44 ./Core/Src/stm32f1xx_it.o
 .comment       0x00000043       0x44 ./Core/Src/system_stm32f1xx.o
 .comment       0x00000043       0x44 ./Core/Src/tim.o
 .comment       0x00000043       0x44 ./Core/Src/usart.o
 .comment       0x00000043       0x44 ./Drivers/STM32F1xx_HAL_Driver/Src/stm32f1xx_hal.o
 .comment       0x00000043       0x44 ./Drivers/STM32F1xx_HAL_Driver/Src/stm32f1xx_hal_cortex.o
 .comment       0x00000043       0x44 ./Drivers/STM32F1xx_HAL_Driver/Src/stm32f1xx_hal_gpio.o
 .comment       0x00000043       0x44 ./Drivers/STM32F1xx_HAL_Driver/Src/stm32f1xx_hal_rcc.o
 .comment       0x00000043       0x44 ./Drivers/STM32F1xx_HAL_Driver/Src/stm32f1xx_hal_tim.o
 .comment       0x00000043       0x44 ./Drivers/STM32F1xx_HAL_Driver/Src/stm32f1xx_hal_tim_ex.o
 .comment       0x00000043       0x44 ./Drivers/STM32F1xx_HAL_Driver/Src/stm32f1xx_hal_uart.o

.debug_frame    0x00000000     0x3b60
 .debug_frame   0x00000000      0x590 ./Core/Src/OLED.o
 .debug_frame   0x00000590       0x2c ./Core/Src/SR_04.o
 .debug_frame   0x000005bc       0x34 ./Core/Src/gpio.o
 .debug_frame   0x000005f0       0x70 ./Core/Src/key.o
 .debug_frame   0x00000660       0xb4 ./Core/Src/main.o
 .debug_frame   0x00000714      0x1d0 ./Core/Src/menu.o
 .debug_frame   0x000008e4       0x38 ./Core/Src/stm32f1xx_hal_msp.o
 .debug_frame   0x0000091c      0x174 ./Core/Src/stm32f1xx_it.o
 .debug_frame   0x00000a90       0x58 ./Core/Src/system_stm32f1xx.o
 .debug_frame   0x00000ae8       0xe8 ./Core/Src/tim.o
 .debug_frame   0x00000bd0       0x74 ./Core/Src/usart.o
 .debug_frame   0x00000c44      0x334 ./Drivers/STM32F1xx_HAL_Driver/Src/stm32f1xx_hal.o
 .debug_frame   0x00000f78      0x428 ./Drivers/STM32F1xx_HAL_Driver/Src/stm32f1xx_hal_cortex.o
 .debug_frame   0x000013a0      0x14c ./Drivers/STM32F1xx_HAL_Driver/Src/stm32f1xx_hal_gpio.o
 .debug_frame   0x000014ec      0x218 ./Drivers/STM32F1xx_HAL_Driver/Src/stm32f1xx_hal_rcc.o
 .debug_frame   0x00001704     0x11b8 ./Drivers/STM32F1xx_HAL_Driver/Src/stm32f1xx_hal_tim.o
 .debug_frame   0x000028bc      0x638 ./Drivers/STM32F1xx_HAL_Driver/Src/stm32f1xx_hal_tim_ex.o
 .debug_frame   0x00002ef4      0x944 ./Drivers/STM32F1xx_HAL_Driver/Src/stm32f1xx_hal_uart.o
 .debug_frame   0x00003838       0x20 C:/ST/STM32CubeIDE_1.18.0/STM32CubeIDE/plugins/com.st.stm32cube.ide.mcu.externaltools.gnu-tools-for-stm32.13.3.rel1.win32_1.0.0.202411081344/tools/bin/../lib/gcc/arm-none-eabi/13.3.1/../../../../arm-none-eabi/lib/thumb/v7-m/nofp\libc_nano.a(libc_a-memset.o)
 .debug_frame   0x00003858       0x2c C:/ST/STM32CubeIDE_1.18.0/STM32CubeIDE/plugins/com.st.stm32cube.ide.mcu.externaltools.gnu-tools-for-stm32.13.3.rel1.win32_1.0.0.202411081344/tools/bin/../lib/gcc/arm-none-eabi/13.3.1/../../../../arm-none-eabi/lib/thumb/v7-m/nofp\libc_nano.a(libc_a-init.o)
 .debug_frame   0x00003884       0x20 C:/ST/STM32CubeIDE_1.18.0/STM32CubeIDE/plugins/com.st.stm32cube.ide.mcu.externaltools.gnu-tools-for-stm32.13.3.rel1.win32_1.0.0.202411081344/tools/bin/../lib/gcc/arm-none-eabi/13.3.1/../../../../arm-none-eabi/lib/thumb/v7-m/nofp\libc_nano.a(libc_a-strcmp.o)
 .debug_frame   0x000038a4       0x30 C:/ST/STM32CubeIDE_1.18.0/STM32CubeIDE/plugins/com.st.stm32cube.ide.mcu.externaltools.gnu-tools-for-stm32.13.3.rel1.win32_1.0.0.202411081344/tools/bin/../lib/gcc/arm-none-eabi/13.3.1/../../../../arm-none-eabi/lib/thumb/v7-m/nofp\libm.a(libm_a-s_round.o)
 .debug_frame   0x000038d4       0xac C:/ST/STM32CubeIDE_1.18.0/STM32CubeIDE/plugins/com.st.stm32cube.ide.mcu.externaltools.gnu-tools-for-stm32.13.3.rel1.win32_1.0.0.202411081344/tools/bin/../lib/gcc/arm-none-eabi/13.3.1/thumb/v7-m/nofp\libgcc.a(_arm_addsubdf3.o)
 .debug_frame   0x00003980       0x50 C:/ST/STM32CubeIDE_1.18.0/STM32CubeIDE/plugins/com.st.stm32cube.ide.mcu.externaltools.gnu-tools-for-stm32.13.3.rel1.win32_1.0.0.202411081344/tools/bin/../lib/gcc/arm-none-eabi/13.3.1/thumb/v7-m/nofp\libgcc.a(_arm_muldivdf3.o)
 .debug_frame   0x000039d0       0xc4 C:/ST/STM32CubeIDE_1.18.0/STM32CubeIDE/plugins/com.st.stm32cube.ide.mcu.externaltools.gnu-tools-for-stm32.13.3.rel1.win32_1.0.0.202411081344/tools/bin/../lib/gcc/arm-none-eabi/13.3.1/thumb/v7-m/nofp\libgcc.a(_arm_cmpdf2.o)
 .debug_frame   0x00003a94       0x24 C:/ST/STM32CubeIDE_1.18.0/STM32CubeIDE/plugins/com.st.stm32cube.ide.mcu.externaltools.gnu-tools-for-stm32.13.3.rel1.win32_1.0.0.202411081344/tools/bin/../lib/gcc/arm-none-eabi/13.3.1/thumb/v7-m/nofp\libgcc.a(_arm_fixunsdfsi.o)
 .debug_frame   0x00003ab8       0x24 C:/ST/STM32CubeIDE_1.18.0/STM32CubeIDE/plugins/com.st.stm32cube.ide.mcu.externaltools.gnu-tools-for-stm32.13.3.rel1.win32_1.0.0.202411081344/tools/bin/../lib/gcc/arm-none-eabi/13.3.1/thumb/v7-m/nofp\libgcc.a(_arm_truncdfsf2.o)
 .debug_frame   0x00003adc       0x4c C:/ST/STM32CubeIDE_1.18.0/STM32CubeIDE/plugins/com.st.stm32cube.ide.mcu.externaltools.gnu-tools-for-stm32.13.3.rel1.win32_1.0.0.202411081344/tools/bin/../lib/gcc/arm-none-eabi/13.3.1/thumb/v7-m/nofp\libgcc.a(_arm_addsubsf3.o)
 .debug_frame   0x00003b28       0x38 C:/ST/STM32CubeIDE_1.18.0/STM32CubeIDE/plugins/com.st.stm32cube.ide.mcu.externaltools.gnu-tools-for-stm32.13.3.rel1.win32_1.0.0.202411081344/tools/bin/../lib/gcc/arm-none-eabi/13.3.1/thumb/v7-m/nofp\libgcc.a(_arm_muldivsf3.o)

.debug_line_str
                0x00000000       0x7b
 .debug_line_str
                0x00000000       0x7b ./Core/Startup/startup_stm32f103c8tx.o
