Archive member included to satisfy reference by file (symbol)

C:/ST/STM32CubeIDE_1.18.0/STM32CubeIDE/plugins/com.st.stm32cube.ide.mcu.externaltools.gnu-tools-for-stm32.13.3.rel1.win32_1.0.0.202411081344/tools/bin/../lib/gcc/arm-none-eabi/13.3.1/../../../../arm-none-eabi/lib/thumb/v7-m/nofp\libc_nano.a(libc_a-exit.o)
                              C:/ST/STM32CubeIDE_1.18.0/STM32CubeIDE/plugins/com.st.stm32cube.ide.mcu.externaltools.gnu-tools-for-stm32.13.3.rel1.win32_1.0.0.202411081344/tools/bin/../lib/gcc/arm-none-eabi/13.3.1/../../../../arm-none-eabi/lib/thumb/v7-m/nofp/crt0.o (exit)
C:/ST/STM32CubeIDE_1.18.0/STM32CubeIDE/plugins/com.st.stm32cube.ide.mcu.externaltools.gnu-tools-for-stm32.13.3.rel1.win32_1.0.0.202411081344/tools/bin/../lib/gcc/arm-none-eabi/13.3.1/../../../../arm-none-eabi/lib/thumb/v7-m/nofp\libc_nano.a(libc_a-findfp.o)
                              C:/ST/STM32CubeIDE_1.18.0/STM32CubeIDE/plugins/com.st.stm32cube.ide.mcu.externaltools.gnu-tools-for-stm32.13.3.rel1.win32_1.0.0.202411081344/tools/bin/../lib/gcc/arm-none-eabi/13.3.1/../../../../arm-none-eabi/lib/thumb/v7-m/nofp\libc_nano.a(libc_a-exit.o) (__stdio_exit_handler)
C:/ST/STM32CubeIDE_1.18.0/STM32CubeIDE/plugins/com.st.stm32cube.ide.mcu.externaltools.gnu-tools-for-stm32.13.3.rel1.win32_1.0.0.202411081344/tools/bin/../lib/gcc/arm-none-eabi/13.3.1/../../../../arm-none-eabi/lib/thumb/v7-m/nofp\libc_nano.a(libc_a-fwalk.o)
                              C:/ST/STM32CubeIDE_1.18.0/STM32CubeIDE/plugins/com.st.stm32cube.ide.mcu.externaltools.gnu-tools-for-stm32.13.3.rel1.win32_1.0.0.202411081344/tools/bin/../lib/gcc/arm-none-eabi/13.3.1/../../../../arm-none-eabi/lib/thumb/v7-m/nofp\libc_nano.a(libc_a-findfp.o) (_fwalk_sglue)
C:/ST/STM32CubeIDE_1.18.0/STM32CubeIDE/plugins/com.st.stm32cube.ide.mcu.externaltools.gnu-tools-for-stm32.13.3.rel1.win32_1.0.0.202411081344/tools/bin/../lib/gcc/arm-none-eabi/13.3.1/../../../../arm-none-eabi/lib/thumb/v7-m/nofp\libc_nano.a(libc_a-stdio.o)
                              C:/ST/STM32CubeIDE_1.18.0/STM32CubeIDE/plugins/com.st.stm32cube.ide.mcu.externaltools.gnu-tools-for-stm32.13.3.rel1.win32_1.0.0.202411081344/tools/bin/../lib/gcc/arm-none-eabi/13.3.1/../../../../arm-none-eabi/lib/thumb/v7-m/nofp\libc_nano.a(libc_a-findfp.o) (__sread)
C:/ST/STM32CubeIDE_1.18.0/STM32CubeIDE/plugins/com.st.stm32cube.ide.mcu.externaltools.gnu-tools-for-stm32.13.3.rel1.win32_1.0.0.202411081344/tools/bin/../lib/gcc/arm-none-eabi/13.3.1/../../../../arm-none-eabi/lib/thumb/v7-m/nofp\libc_nano.a(libc_a-memset.o)
                              C:/ST/STM32CubeIDE_1.18.0/STM32CubeIDE/plugins/com.st.stm32cube.ide.mcu.externaltools.gnu-tools-for-stm32.13.3.rel1.win32_1.0.0.202411081344/tools/bin/../lib/gcc/arm-none-eabi/13.3.1/../../../../arm-none-eabi/lib/thumb/v7-m/nofp/crt0.o (memset)
C:/ST/STM32CubeIDE_1.18.0/STM32CubeIDE/plugins/com.st.stm32cube.ide.mcu.externaltools.gnu-tools-for-stm32.13.3.rel1.win32_1.0.0.202411081344/tools/bin/../lib/gcc/arm-none-eabi/13.3.1/../../../../arm-none-eabi/lib/thumb/v7-m/nofp\libc_nano.a(libc_a-closer.o)
                              C:/ST/STM32CubeIDE_1.18.0/STM32CubeIDE/plugins/com.st.stm32cube.ide.mcu.externaltools.gnu-tools-for-stm32.13.3.rel1.win32_1.0.0.202411081344/tools/bin/../lib/gcc/arm-none-eabi/13.3.1/../../../../arm-none-eabi/lib/thumb/v7-m/nofp\libc_nano.a(libc_a-stdio.o) (_close_r)
C:/ST/STM32CubeIDE_1.18.0/STM32CubeIDE/plugins/com.st.stm32cube.ide.mcu.externaltools.gnu-tools-for-stm32.13.3.rel1.win32_1.0.0.202411081344/tools/bin/../lib/gcc/arm-none-eabi/13.3.1/../../../../arm-none-eabi/lib/thumb/v7-m/nofp\libc_nano.a(libc_a-reent.o)
                              C:/ST/STM32CubeIDE_1.18.0/STM32CubeIDE/plugins/com.st.stm32cube.ide.mcu.externaltools.gnu-tools-for-stm32.13.3.rel1.win32_1.0.0.202411081344/tools/bin/../lib/gcc/arm-none-eabi/13.3.1/../../../../arm-none-eabi/lib/thumb/v7-m/nofp\libc_nano.a(libc_a-closer.o) (errno)
C:/ST/STM32CubeIDE_1.18.0/STM32CubeIDE/plugins/com.st.stm32cube.ide.mcu.externaltools.gnu-tools-for-stm32.13.3.rel1.win32_1.0.0.202411081344/tools/bin/../lib/gcc/arm-none-eabi/13.3.1/../../../../arm-none-eabi/lib/thumb/v7-m/nofp\libc_nano.a(libc_a-impure.o)
                              C:/ST/STM32CubeIDE_1.18.0/STM32CubeIDE/plugins/com.st.stm32cube.ide.mcu.externaltools.gnu-tools-for-stm32.13.3.rel1.win32_1.0.0.202411081344/tools/bin/../lib/gcc/arm-none-eabi/13.3.1/../../../../arm-none-eabi/lib/thumb/v7-m/nofp\libc_nano.a(libc_a-reent.o) (_impure_ptr)
C:/ST/STM32CubeIDE_1.18.0/STM32CubeIDE/plugins/com.st.stm32cube.ide.mcu.externaltools.gnu-tools-for-stm32.13.3.rel1.win32_1.0.0.202411081344/tools/bin/../lib/gcc/arm-none-eabi/13.3.1/../../../../arm-none-eabi/lib/thumb/v7-m/nofp\libc_nano.a(libc_a-lseekr.o)
[...]
Memory Configuration

Name             Origin             Length             Attributes
RAM              0x20000000         0x00005000         xrw
FLASH            0x08000000         0x00010000         xr
*default*        0x00000000         0xffffffff

Linker script and memory map

LOAD C:/ST/STM32CubeIDE_1.18.0/STM32CubeIDE/plugins/com.st.stm32cube.ide.mcu.externaltools.gnu-tools-for-stm32.13.3.rel1.win32_1.0.0.202411081344/tools/bin/../lib/gcc/arm-none-eabi/13.3.1/thumb/v7-m/nofp/crti.o
LOAD C:/ST/STM32CubeIDE_1.18.0/STM32CubeIDE/plugins/com.st.stm32cube.ide.mcu.externaltools.gnu-tools-for-stm32.13.3.rel1.win32_1.0.0.202411081344/tools/bin/../lib/gcc/arm-none-eabi/13.3.1/thumb/v7-m/nofp/crtbegin.o
LOAD C:/ST/STM32CubeIDE_1.18.0/STM32CubeIDE/plugins/com.st.stm32cube.ide.mcu.externaltools.gnu-tools-for-stm32.13.3.rel1.win32_1.0.0.202411081344/tools/bin/../lib/gcc/arm-none-eabi/13.3.1/../../../../arm-none-eabi/lib/thumb/v7-m/nofp/crt0.o
LOAD ./Core/Src/MPU6050.o
LOAD ./Core/Src/OLED.o
LOAD ./Core/Src/gpio.o
LOAD ./Core/Src/i2c.o
LOAD ./Core/Src/main.o
LOAD ./Core/Src/stm32f1xx_hal_msp.o
LOAD ./Core/Src/stm32f1xx_it.o
LOAD ./Core/Src/syscalls.o
LOAD ./Core/Src/sysmem.o
LOAD ./Core/Src/system_stm32f1xx.o
LOAD ./Core/Startup/startup_stm32f103c8tx.o
LOAD ./Drivers/STM32F1xx_HAL_Driver/Src/stm32f1xx_hal.o
LOAD ./Drivers/STM32F1xx_HAL_Driver/Src/stm32f1xx_hal_cortex.o
LOAD ./Drivers/STM32F1xx_HAL_Driver/Src/stm32f1xx_hal_dma.o
LOAD ./Drivers/STM32F1xx_HAL_Driver/Src/stm32f1xx_hal_exti.o
LOAD ./Drivers/STM32F1xx_HAL_Driver/Src/stm32f1xx_hal_flash.o
LOAD ./Drivers/STM32F1xx_HAL_Driver/Src/stm32f1xx_hal_flash_ex.o
LOAD ./Drivers/STM32F1xx_HAL_Driver/Src/stm32f1xx_hal_gpio.o
LOAD ./Drivers/STM32F1xx_HAL_Driver/Src/stm32f1xx_hal_gpio_ex.o
LOAD ./Drivers/STM32F1xx_HAL_Driver/Src/stm32f1xx_hal_i2c.o
LOAD ./Drivers/STM32F1xx_HAL_Driver/Src/stm32f1xx_hal_pwr.o
LOAD ./Drivers/STM32F1xx_HAL_Driver/Src/stm32f1xx_hal_rcc.o
LOAD ./Drivers/STM32F1xx_HAL_Driver/Src/stm32f1xx_hal_rcc_ex.o
START GROUP
LOAD C:/ST/STM32CubeIDE_1.18.0/STM32CubeIDE/plugins/com.st.stm32cube.ide.mcu.externaltools.gnu-tools-for-stm32.13.3.rel1.win32_1.0.0.202411081344/tools/bin/../lib/gcc/arm-none-eabi/13.3.1/../../../../arm-none-eabi/lib/thumb/v7-m/nofp\libc_nano.a
LOAD C:/ST/STM32CubeIDE_1.18.0/STM32CubeIDE/plugins/com.st.stm32cube.ide.mcu.externaltools.gnu-tools-for-stm32.13.3.rel1.win32_1.0.0.202411081344/tools/bin/../lib/gcc/arm-none-eabi/13.3.1/../../../../arm-none-eabi/lib/thumb/v7-m/nofp\libm.a
END GROUP
START GROUP
LOAD C:/ST/STM32CubeIDE_1.18.0/STM32CubeIDE/plugins/com.st.stm32cube.ide.mcu.externaltools.gnu-tools-for-stm32.13.3.rel1.win32_1.0.0.202411081344/tools/bin/../lib/gcc/arm-none-eabi/13.3.1/thumb/v7-m/nofp\libgcc.a
LOAD C:/ST/STM32CubeIDE_1.18.0/STM32CubeIDE/plugins/com.st.stm32cube.ide.mcu.externaltools.gnu-tools-for-stm32.13.3.rel1.win32_1.0.0.202411081344/tools/bin/../lib/gcc/arm-none-eabi/13.3.1/../../../../arm-none-eabi/lib/thumb/v7-m/nofp\libc_nano.a
END GROUP
START GROUP
LOAD C:/ST/STM32CubeIDE_1.18.0/STM32CubeIDE/plugins/com.st.stm32cube.ide.mcu.externaltools.gnu-tools-for-stm32.13.3.rel1.win32_1.0.0.202411081344/tools/bin/../lib/gcc/arm-none-eabi/13.3.1/thumb/v7-m/nofp\libgcc.a
LOAD C:/ST/STM32CubeIDE_1.18.0/STM32CubeIDE/plugins/com.st.stm32cube.ide.mcu.externaltools.gnu-tools-for-stm32.13.3.rel1.win32_1.0.0.202411081344/tools/bin/../lib/gcc/arm-none-eabi/13.3.1/../../../../arm-none-eabi/lib/thumb/v7-m/nofp\libc_nano.a
LOAD C:/ST/STM32CubeIDE_1.18.0/STM32CubeIDE/plugins/com.st.stm32cube.ide.mcu.externaltools.gnu-tools-for-stm32.13.3.rel1.win32_1.0.0.202411081344/tools/bin/../lib/gcc/arm-none-eabi/13.3.1/../../../../arm-none-eabi/lib/thumb/v7-m/nofp\libnosys.a
END GROUP
START GROUP
LOAD C:/ST/STM32CubeIDE_1.18.0/STM32CubeIDE/plugins/com.st.stm32cube.ide.mcu.externaltools.gnu-tools-for-stm32.13.3.rel1.win32_1.0.0.202411081344/tools/bin/../lib/gcc/arm-none-eabi/13.3.1/thumb/v7-m/nofp\libgcc.a
LOAD C:/ST/STM32CubeIDE_1.18.0/STM32CubeIDE/plugins/com.st.stm32cube.ide.mcu.externaltools.gnu-tools-for-stm32.13.3.rel1.win32_1.0.0.202411081344/tools/bin/../lib/gcc/arm-none-eabi/13.3.1/../../../../arm-none-eabi/lib/thumb/v7-m/nofp\libc_nano.a
LOAD C:/ST/STM32CubeIDE_1.18.0/STM32CubeIDE/plugins/com.st.stm32cube.ide.mcu.externaltools.gnu-tools-for-stm32.13.3.rel1.win32_1.0.0.202411081344/tools/bin/../lib/gcc/arm-none-eabi/13.3.1/../../../../arm-none-eabi/lib/thumb/v7-m/nofp\libnosys.a
END GROUP
LOAD C:/ST/STM32CubeIDE_1.18.0/STM32CubeIDE/plugins/com.st.stm32cube.ide.mcu.externaltools.gnu-tools-for-stm32.13.3.rel1.win32_1.0.0.202411081344/tools/bin/../lib/gcc/arm-none-eabi/13.3.1/thumb/v7-m/nofp/crtend.o
LOAD C:/ST/STM32CubeIDE_1.18.0/STM32CubeIDE/plugins/com.st.stm32cube.ide.mcu.externaltools.gnu-tools-for-stm32.13.3.rel1.win32_1.0.0.202411081344/tools/bin/../lib/gcc/arm-none-eabi/13.3.1/thumb/v7-m/nofp/crtn.o
                0x20005000                        _estack = (ORIGIN (RAM) + LENGTH (RAM))
                0x00000200                        _Min_Heap_Size = 0x200
                0x00000400                        _Min_Stack_Size = 0x400

.isr_vector     0x08000000      0x10c
                0x08000000                        . = ALIGN (0x4)
 *(.isr_vector)
 .isr_vector    0x08000000      0x10c ./Core/Startup/startup_stm32f103c8tx.o
                0x08000000                g_pfnVectors
                0x0800010c                        . = ALIGN (0x4)

.text           0x0800010c     0x2a20
                0x0800010c                        . = ALIGN (0x4)
 *(.text)
 .text          0x0800010c       0x40 C:/ST/STM32CubeIDE_1.18.0/STM32CubeIDE/plugins/com.st.stm32cube.ide.mcu.externaltools.gnu-tools-for-stm32.13.3.rel1.win32_1.0.0.202411081344/tools/bin/../lib/gcc/arm-none-eabi/13.3.1/thumb/v7-m/nofp/crtbegin.o
 *(.text*)
 .text.MPU6050_Init
                0x0800014c       0x92 ./Core/Src/MPU6050.o
                0x0800014c                MPU6050_Init
 .text.MPU6050_ReadData
                0x080001de       0x42 ./Core/Src/MPU6050.o
                0x080001de                MPU6050_ReadData
 .text.MPU6050_ReadDeviceID
                0x08000220       0x2e ./Core/Src/MPU6050.o
                0x08000220                MPU6050_ReadDeviceID
 .text.MPU6050_ReadAccel
                0x0800024e       0x46 ./Core/Src/MPU6050.o
                0x0800024e                MPU6050_ReadAccel
 .text.MPU6050_ReadGyro
                0x08000294       0x46 ./Core/Src/MPU6050.o
                0x08000294                MPU6050_ReadGyro
 *fill*         0x080002da        0x2 
 .text.OLED_I2C_Init
                0x080002dc       0x28 ./Core/Src/OLED.o
                0x080002dc                OLED_I2C_Init
 .text.OLED_I2C_Start
                0x08000304       0x3c ./Core/Src/OLED.o
                0x08000304                OLED_I2C_Start
 .text.OLED_I2C_Stop
                0x08000340       0x30 ./Core/Src/OLED.o
                0x08000340                OLED_I2C_Stop
 .text.OLED_I2C_SendByte
                0x08000370       0x7c ./Core/Src/OLED.o
                0x08000370                OLED_I2C_SendByte
 .text.OLED_WriteCommand
                0x080003ec       0x2e ./Core/Src/OLED.o
                0x080003ec                OLED_WriteCommand
 .text.OLED_WriteData
                0x0800041a       0x2e ./Core/Src/OLED.o
                0x0800041a                OLED_WriteData
 .text.OLED_SetCursor
                0x08000448       0x46 ./Core/Src/OLED.o
                0x08000448                OLED_SetCursor
 .text.OLED_Clear
                0x0800048e       0x46 ./Core/Src/OLED.o
                0x0800048e                OLED_Clear
 .text.OLED_ShowChar
                0x080004d4       0xb0 ./Core/Src/OLED.o
                0x080004d4                OLED_ShowChar
 .text.OLED_ShowString
                0x08000584       0x4a ./Core/Src/OLED.o
                0x08000584                OLED_ShowString
 .text.OLED_Pow
                0x080005ce       0x30 ./Core/Src/OLED.o
                0x080005ce                OLED_Pow
 *fill*         0x080005fe        0x2 
 .text.OLED_ShowSignedNum
                0x08000600       0xa8 ./Core/Src/OLED.o
                0x08000600                OLED_ShowSignedNum
 .text.OLED_ShowHexNum
                0x080006a8       0x88 ./Core/Src/OLED.o
                0x080006a8                OLED_ShowHexNum
 .text.OLED_Init
                0x08000730       0xc8 ./Core/Src/OLED.o
                0x08000730                OLED_Init
 .text.MX_GPIO_Init
                0x080007f8       0x98 ./Core/Src/gpio.o
                0x080007f8                MX_GPIO_Init
 .text.MX_I2C2_Init
                0x08000890       0x5c ./Core/Src/i2c.o
                0x08000890                MX_I2C2_Init
 .text.HAL_I2C_MspInit
                0x080008ec       0x80 ./Core/Src/i2c.o
                0x080008ec                HAL_I2C_MspInit
 .text.main     0x0800096c       0xd4 ./Core/Src/main.o
                0x0800096c                main
 .text.SystemClock_Config
                0x08000a40       0x8a ./Core/Src/main.o
                0x08000a40                SystemClock_Config
 .text.Error_Handler
                0x08000aca        0xc ./Core/Src/main.o
                0x08000aca                Error_Handler
 *fill*         0x08000ad6        0x2 
 .text.HAL_MspInit
                0x08000ad8       0x64 ./Core/Src/stm32f1xx_hal_msp.o
                0x08000ad8                HAL_MspInit
 .text.NMI_Handler
                0x08000b3c        0x8 ./Core/Src/stm32f1xx_it.o
                0x08000b3c                NMI_Handler
 .text.HardFault_Handler
                0x08000b44        0x8 ./Core/Src/stm32f1xx_it.o
                0x08000b44                HardFault_Handler
 .text.MemManage_Handler
                0x08000b4c        0x8 ./Core/Src/stm32f1xx_it.o
                0x08000b4c                MemManage_Handler
 .text.BusFault_Handler
                0x08000b54        0x8 ./Core/Src/stm32f1xx_it.o
                0x08000b54                BusFault_Handler
 .text.UsageFault_Handler
                0x08000b5c        0x8 ./Core/Src/stm32f1xx_it.o
                0x08000b5c                UsageFault_Handler
 .text.SVC_Handler
                0x08000b64        0xc ./Core/Src/stm32f1xx_it.o
                0x08000b64                SVC_Handler
 .text.DebugMon_Handler
                0x08000b70        0xc ./Core/Src/stm32f1xx_it.o
                0x08000b70                DebugMon_Handler
 .text.PendSV_Handler
                0x08000b7c        0xc ./Core/Src/stm32f1xx_it.o
                0x08000b7c                PendSV_Handler
 .text.SysTick_Handler
                0x08000b88        0xc ./Core/Src/stm32f1xx_it.o
                0x08000b88                SysTick_Handler
 .text.SystemInit
                0x08000b94        0xc ./Core/Src/system_stm32f1xx.o
                0x08000b94                SystemInit
 .text.Reset_Handler
                0x08000ba0       0x48 ./Core/Startup/startup_stm32f103c8tx.o
                0x08000ba0                Reset_Handler
 .text.Default_Handler
                0x08000be8        0x2 ./Core/Startup/startup_stm32f103c8tx.o
                0x08000be8                RTC_Alarm_IRQHandler
                0x08000be8                EXTI2_IRQHandler
                0x08000be8                TIM1_CC_IRQHandler
                0x08000be8                PVD_IRQHandler
                0x08000be8                EXTI3_IRQHandler
                0x08000be8                EXTI0_IRQHandler
                0x08000be8                I2C2_EV_IRQHandler
                0x08000be8                ADC1_2_IRQHandler
                0x08000be8                SPI1_IRQHandler
                0x08000be8                TAMPER_IRQHandler
                0x08000be8                DMA1_Channel4_IRQHandler
                0x08000be8                USART3_IRQHandler
                0x08000be8                RTC_IRQHandler
                0x08000be8                DMA1_Channel7_IRQHandler
                0x08000be8                CAN1_RX1_IRQHandler
                0x08000be8                TIM4_IRQHandler
                0x08000be8                I2C1_EV_IRQHandler
                0x08000be8                DMA1_Channel6_IRQHandler
                0x08000be8                TIM3_IRQHandler
                0x08000be8                RCC_IRQHandler
                0x08000be8                TIM1_TRG_COM_IRQHandler
                0x08000be8                DMA1_Channel1_IRQHandler
                0x08000be8                Default_Handler
                0x08000be8                EXTI15_10_IRQHandler
                0x08000be8                EXTI9_5_IRQHandler
                0x08000be8                SPI2_IRQHandler
                0x08000be8                DMA1_Channel5_IRQHandler
                0x08000be8                EXTI4_IRQHandler
                0x08000be8                USB_LP_CAN1_RX0_IRQHandler
                0x08000be8                USB_HP_CAN1_TX_IRQHandler
                0x08000be8                DMA1_Channel3_IRQHandler
                0x08000be8                TIM1_UP_IRQHandler
                0x08000be8                WWDG_IRQHandler
                0x08000be8                TIM2_IRQHandler
                0x08000be8                TIM1_BRK_IRQHandler
                0x08000be8                EXTI1_IRQHandler
                0x08000be8                USART2_IRQHandler
                0x08000be8                I2C2_ER_IRQHandler
                0x08000be8                DMA1_Channel2_IRQHandler
                0x08000be8                CAN1_SCE_IRQHandler
                0x08000be8                FLASH_IRQHandler
                0x08000be8                USART1_IRQHandler
                0x08000be8                I2C1_ER_IRQHandler
                0x08000be8                USBWakeUp_IRQHandler
 *fill*         0x08000bea        0x2 
 .text.HAL_Init
                0x08000bec       0x2c ./Drivers/STM32F1xx_HAL_Driver/Src/stm32f1xx_hal.o
                0x08000bec                HAL_Init
 .text.HAL_InitTick
                0x08000c18       0x60 ./Drivers/STM32F1xx_HAL_Driver/Src/stm32f1xx_hal.o
                0x08000c18                HAL_InitTick
 .text.HAL_IncTick
                0x08000c78       0x24 ./Drivers/STM32F1xx_HAL_Driver/Src/stm32f1xx_hal.o
                0x08000c78                HAL_IncTick
 .text.HAL_GetTick
                0x08000c9c       0x14 ./Drivers/STM32F1xx_HAL_Driver/Src/stm32f1xx_hal.o
                0x08000c9c                HAL_GetTick
 .text.HAL_Delay
                0x08000cb0       0x48 ./Drivers/STM32F1xx_HAL_Driver/Src/stm32f1xx_hal.o
                0x08000cb0                HAL_Delay
 .text.__NVIC_SetPriorityGrouping
                0x08000cf8       0x48 ./Drivers/STM32F1xx_HAL_Driver/Src/stm32f1xx_hal_cortex.o
 .text.__NVIC_GetPriorityGrouping
                0x08000d40       0x1c ./Drivers/STM32F1xx_HAL_Driver/Src/stm32f1xx_hal_cortex.o
 .text.__NVIC_SetPriority
                0x08000d5c       0x54 ./Drivers/STM32F1xx_HAL_Driver/Src/stm32f1xx_hal_cortex.o
 .text.NVIC_EncodePriority
                0x08000db0       0x64 ./Drivers/STM32F1xx_HAL_Driver/Src/stm32f1xx_hal_cortex.o
 .text.SysTick_Config
                0x08000e14       0x44 ./Drivers/STM32F1xx_HAL_Driver/Src/stm32f1xx_hal_cortex.o
 .text.HAL_NVIC_SetPriorityGrouping
                0x08000e58       0x16 ./Drivers/STM32F1xx_HAL_Driver/Src/stm32f1xx_hal_cortex.o
                0x08000e58                HAL_NVIC_SetPriorityGrouping
 .text.HAL_NVIC_SetPriority
                0x08000e6e       0x38 ./Drivers/STM32F1xx_HAL_Driver/Src/stm32f1xx_hal_cortex.o
                0x08000e6e                HAL_NVIC_SetPriority
 .text.HAL_SYSTICK_Config
                0x08000ea6       0x18 ./Drivers/STM32F1xx_HAL_Driver/Src/stm32f1xx_hal_cortex.o
                0x08000ea6                HAL_SYSTICK_Config
 *fill*         0x08000ebe        0x2 
 .text.HAL_GPIO_Init
                0x08000ec0      0x308 ./Drivers/STM32F1xx_HAL_Driver/Src/stm32f1xx_hal_gpio.o
                0x08000ec0                HAL_GPIO_Init
 .text.HAL_GPIO_WritePin
                0x080011c8       0x30 ./Drivers/STM32F1xx_HAL_Driver/Src/stm32f1xx_hal_gpio.o
                0x080011c8                HAL_GPIO_WritePin
 .text.HAL_I2C_Init
                0x080011f8      0x288 ./Drivers/STM32F1xx_HAL_Driver/Src/stm32f1xx_hal_i2c.o
                0x080011f8                HAL_I2C_Init
 .text.HAL_I2C_Mem_Write
                0x08001480      0x1f4 ./Drivers/STM32F1xx_HAL_Driver/Src/stm32f1xx_hal_i2c.o
                0x08001480                HAL_I2C_Mem_Write
 .text.HAL_I2C_Mem_Read
                0x08001674      0x4e8 ./Drivers/STM32F1xx_HAL_Driver/Src/stm32f1xx_hal_i2c.o
                0x08001674                HAL_I2C_Mem_Read
 .text.I2C_RequestMemoryWrite
                0x08001b5c      0x12c ./Drivers/STM32F1xx_HAL_Driver/Src/stm32f1xx_hal_i2c.o
 .text.I2C_RequestMemoryRead
                0x08001c88      0x1d0 ./Drivers/STM32F1xx_HAL_Driver/Src/stm32f1xx_hal_i2c.o
 .text.I2C_WaitOnFlagUntilTimeout
                0x08001e58       0xf4 ./Drivers/STM32F1xx_HAL_Driver/Src/stm32f1xx_hal_i2c.o
 .text.I2C_WaitOnMasterAddressFlagUntilTimeout
                0x08001f4c      0x140 ./Drivers/STM32F1xx_HAL_Driver/Src/stm32f1xx_hal_i2c.o
 .text.I2C_WaitOnTXEFlagUntilTimeout
                0x0800208c       0x90 ./Drivers/STM32F1xx_HAL_Driver/Src/stm32f1xx_hal_i2c.o
 .text.I2C_WaitOnBTFFlagUntilTimeout
                0x0800211c       0x90 ./Drivers/STM32F1xx_HAL_Driver/Src/stm32f1xx_hal_i2c.o
 .text.I2C_WaitOnRXNEFlagUntilTimeout
                0x080021ac       0xba ./Drivers/STM32F1xx_HAL_Driver/Src/stm32f1xx_hal_i2c.o
 .text.I2C_IsAcknowledgeFailed
                0x08002266       0x5c ./Drivers/STM32F1xx_HAL_Driver/Src/stm32f1xx_hal_i2c.o
 *fill*         0x080022c2        0x2 
 .text.HAL_RCC_OscConfig
                0x080022c4      0x504 ./Drivers/STM32F1xx_HAL_Driver/Src/stm32f1xx_hal_rcc.o
                0x080022c4                HAL_RCC_OscConfig
 .text.HAL_RCC_ClockConfig
                0x080027c8      0x1d4 ./Drivers/STM32F1xx_HAL_Driver/Src/stm32f1xx_hal_rcc.o
                0x080027c8                HAL_RCC_ClockConfig
 .text.HAL_RCC_GetSysClockFreq
                0x0800299c       0xa8 ./Drivers/STM32F1xx_HAL_Driver/Src/stm32f1xx_hal_rcc.o
                0x0800299c                HAL_RCC_GetSysClockFreq
 .text.HAL_RCC_GetHCLKFreq
                0x08002a44       0x14 ./Drivers/STM32F1xx_HAL_Driver/Src/stm32f1xx_hal_rcc.o
                0x08002a44                HAL_RCC_GetHCLKFreq
 .text.HAL_RCC_GetPCLK1Freq
                0x08002a58       0x28 ./Drivers/STM32F1xx_HAL_Driver/Src/stm32f1xx_hal_rcc.o
                0x08002a58                HAL_RCC_GetPCLK1Freq
 .text.RCC_Delay
                0x08002a80       0x3c ./Drivers/STM32F1xx_HAL_Driver/Src/stm32f1xx_hal_rcc.o
 .text.memset   0x08002abc       0x10 C:/ST/STM32CubeIDE_1.18.0/STM32CubeIDE/plugins/com.st.stm32cube.ide.mcu.externaltools.gnu-tools-for-stm32.13.3.rel1.win32_1.0.0.202411081344/tools/bin/../lib/gcc/arm-none-eabi/13.3.1/../../../../arm-none-eabi/lib/thumb/v7-m/nofp\libc_nano.a(libc_a-memset.o)
                0x08002abc                memset
 .text.__libc_init_array
                0x08002acc       0x48 C:/ST/STM32CubeIDE_1.18.0/STM32CubeIDE/plugins/com.st.stm32cube.ide.mcu.externaltools.gnu-tools-for-stm32.13.3.rel1.win32_1.0.0.202411081344/tools/bin/../lib/gcc/arm-none-eabi/13.3.1/../../../../arm-none-eabi/lib/thumb/v7-m/nofp\libc_nano.a(libc_a-init.o)
                0x08002acc                __libc_init_array
 *(.glue_7)
 .glue_7        0x08002b14        0x0 linker stubs
 *(.glue_7t)
 .glue_7t       0x08002b14        0x0 linker stubs
 *(.eh_frame)
 .eh_frame      0x08002b14        0x0 C:/ST/STM32CubeIDE_1.18.0/STM32CubeIDE/plugins/com.st.stm32cube.ide.mcu.externaltools.gnu-tools-for-stm32.13.3.rel1.win32_1.0.0.202411081344/tools/bin/../lib/gcc/arm-none-eabi/13.3.1/thumb/v7-m/nofp/crtbegin.o
 *(.init)
 .init          0x08002b14        0x4 C:/ST/STM32CubeIDE_1.18.0/STM32CubeIDE/plugins/com.st.stm32cube.ide.mcu.externaltools.gnu-tools-for-stm32.13.3.rel1.win32_1.0.0.202411081344/tools/bin/../lib/gcc/arm-none-eabi/13.3.1/thumb/v7-m/nofp/crti.o
                0x08002b14                _init
 .init          0x08002b18        0x8 C:/ST/STM32CubeIDE_1.18.0/STM32CubeIDE/plugins/com.st.stm32cube.ide.mcu.externaltools.gnu-tools-for-stm32.13.3.rel1.win32_1.0.0.202411081344/tools/bin/../lib/gcc/arm-none-eabi/13.3.1/thumb/v7-m/nofp/crtn.o
 *(.fini)
 .fini          0x08002b20        0x4 C:/ST/STM32CubeIDE_1.18.0/STM32CubeIDE/plugins/com.st.stm32cube.ide.mcu.externaltools.gnu-tools-for-stm32.13.3.rel1.win32_1.0.0.202411081344/tools/bin/../lib/gcc/arm-none-eabi/13.3.1/thumb/v7-m/nofp/crti.o
                0x08002b20                _fini
 .fini          0x08002b24        0x8 C:/ST/STM32CubeIDE_1.18.0/STM32CubeIDE/plugins/com.st.stm32cube.ide.mcu.externaltools.gnu-tools-for-stm32.13.3.rel1.win32_1.0.0.202411081344/tools/bin/../lib/gcc/arm-none-eabi/13.3.1/thumb/v7-m/nofp/crtn.o
                0x08002b2c                        . = ALIGN (0x4)
                0x08002b2c                        _etext = .

.vfp11_veneer   0x08002b2c        0x0
 .vfp11_veneer  0x08002b2c        0x0 linker stubs

.v4_bx          0x08002b2c        0x0
 .v4_bx         0x08002b2c        0x0 linker stubs

.iplt           0x08002b2c        0x0
 .iplt          0x08002b2c        0x0 C:/ST/STM32CubeIDE_1.18.0/STM32CubeIDE/plugins/com.st.stm32cube.ide.mcu.externaltools.gnu-tools-for-stm32.13.3.rel1.win32_1.0.0.202411081344/tools/bin/../lib/gcc/arm-none-eabi/13.3.1/thumb/v7-m/nofp/crtbegin.o

.rodata         0x08002b2c      0x620
                0x08002b2c                        . = ALIGN (0x4)
 *(.rodata)
 .rodata        0x08002b2c        0x4 ./Core/Src/main.o
 *(.rodata*)
 .rodata.OLED_F8x16
                0x08002b30      0x5f0 ./Core/Src/OLED.o
                0x08002b30                OLED_F8x16
 .rodata.AHBPrescTable
                0x08003120       0x10 ./Core/Src/system_stm32f1xx.o
                0x08003120                AHBPrescTable
 .rodata.APBPrescTable
                0x08003130        0x8 ./Core/Src/system_stm32f1xx.o
                0x08003130                APBPrescTable
 .rodata.aPLLMULFactorTable.1
                0x08003138       0x10 ./Drivers/STM32F1xx_HAL_Driver/Src/stm32f1xx_hal_rcc.o
 .rodata.aPredivFactorTable.0
                0x08003148        0x2 ./Drivers/STM32F1xx_HAL_Driver/Src/stm32f1xx_hal_rcc.o
                0x0800314c                        . = ALIGN (0x4)
 *fill*         0x0800314a        0x2 

.ARM.extab      0x0800314c        0x0
                0x0800314c                        . = ALIGN (0x4)
 *(.ARM.extab* .gnu.linkonce.armextab.*)
                0x0800314c                        . = ALIGN (0x4)

.ARM            0x0800314c        0x0
                0x0800314c                        . = ALIGN (0x4)
                0x0800314c                        __exidx_start = .
 *(.ARM.exidx*)
                0x0800314c                        __exidx_end = .
                0x0800314c                        . = ALIGN (0x4)

.preinit_array  0x0800314c        0x0
                0x0800314c                        . = ALIGN (0x4)
                0x0800314c                        PROVIDE (__preinit_array_start = .)
 *(.preinit_array*)
                0x0800314c                        PROVIDE (__preinit_array_end = .)
                0x0800314c                        . = ALIGN (0x4)

.init_array     0x0800314c        0x4
                0x0800314c                        . = ALIGN (0x4)
                0x0800314c                        PROVIDE (__init_array_start = .)
 *(SORT_BY_NAME(.init_array.*))
 *(.init_array*)
 .init_array    0x0800314c        0x4 C:/ST/STM32CubeIDE_1.18.0/STM32CubeIDE/plugins/com.st.stm32cube.ide.mcu.externaltools.gnu-tools-for-stm32.13.3.rel1.win32_1.0.0.202411081344/tools/bin/../lib/gcc/arm-none-eabi/13.3.1/thumb/v7-m/nofp/crtbegin.o
                0x08003150                        PROVIDE (__init_array_end = .)
                0x08003150                        . = ALIGN (0x4)

.fini_array     0x08003150        0x4
                0x08003150                        . = ALIGN (0x4)
                [!provide]                        PROVIDE (__fini_array_start = .)
 *(SORT_BY_NAME(.fini_array.*))
 *(.fini_array*)
 .fini_array    0x08003150        0x4 C:/ST/STM32CubeIDE_1.18.0/STM32CubeIDE/plugins/com.st.stm32cube.ide.mcu.externaltools.gnu-tools-for-stm32.13.3.rel1.win32_1.0.0.202411081344/tools/bin/../lib/gcc/arm-none-eabi/13.3.1/thumb/v7-m/nofp/crtbegin.o
                [!provide]                        PROVIDE (__fini_array_end = .)
                0x08003154                        . = ALIGN (0x4)
                0x08003154                        _sidata = LOADADDR (.data)

.rel.dyn        0x08003154        0x0
 .rel.iplt      0x08003154        0x0 C:/ST/STM32CubeIDE_1.18.0/STM32CubeIDE/plugins/com.st.stm32cube.ide.mcu.externaltools.gnu-tools-for-stm32.13.3.rel1.win32_1.0.0.202411081344/tools/bin/../lib/gcc/arm-none-eabi/13.3.1/thumb/v7-m/nofp/crtbegin.o

.data           0x20000000        0xc load address 0x08003154
                0x20000000                        . = ALIGN (0x4)
                0x20000000                        _sdata = .
 *(.data)
 *(.data*)
 .data.SystemCoreClock
                0x20000000        0x4 ./Core/Src/system_stm32f1xx.o
                0x20000000                SystemCoreClock
 .data.uwTickPrio
                0x20000004        0x4 ./Drivers/STM32F1xx_HAL_Driver/Src/stm32f1xx_hal.o
                0x20000004                uwTickPrio
 .data.uwTickFreq
                0x20000008        0x1 ./Drivers/STM32F1xx_HAL_Driver/Src/stm32f1xx_hal.o
                0x20000008                uwTickFreq
 *(.RamFunc)
 *(.RamFunc*)
                0x2000000c                        . = ALIGN (0x4)
 *fill*         0x20000009        0x3 
                0x2000000c                        _edata = .

.igot.plt       0x2000000c        0x0 load address 0x08003160
 .igot.plt      0x2000000c        0x0 C:/ST/STM32CubeIDE_1.18.0/STM32CubeIDE/plugins/com.st.stm32cube.ide.mcu.externaltools.gnu-tools-for-stm32.13.3.rel1.win32_1.0.0.202411081344/tools/bin/../lib/gcc/arm-none-eabi/13.3.1/thumb/v7-m/nofp/crtbegin.o
                0x2000000c                        . = ALIGN (0x4)

.bss            0x2000000c       0x74 load address 0x08003160
                0x2000000c                        _sbss = .
                0x2000000c                        __bss_start__ = _sbss
 *(.bss)
 .bss           0x2000000c       0x1c C:/ST/STM32CubeIDE_1.18.0/STM32CubeIDE/plugins/com.st.stm32cube.ide.mcu.externaltools.gnu-tools-for-stm32.13.3.rel1.win32_1.0.0.202411081344/tools/bin/../lib/gcc/arm-none-eabi/13.3.1/thumb/v7-m/nofp/crtbegin.o
 *(.bss*)
 .bss.hi2c2     0x20000028       0x54 ./Core/Src/i2c.o
                0x20000028                hi2c2
 .bss.uwTick    0x2000007c        0x4 ./Drivers/STM32F1xx_HAL_Driver/Src/stm32f1xx_hal.o
                0x2000007c                uwTick
 *(COMMON)
                0x20000080                        . = ALIGN (0x4)
                0x20000080                        _ebss = .
                0x20000080                        __bss_end__ = _ebss

._user_heap_stack
                0x20000080      0x600 load address 0x08003160
                0x20000080                        . = ALIGN (0x8)
                [!provide]                        PROVIDE (end = .)
                0x20000080                        PROVIDE (_end = .)
                0x20000280                        . = (. + _Min_Heap_Size)
 *fill*         0x20000080      0x200 
                0x20000680                        . = (. + _Min_Stack_Size)
 *fill*         0x20000280      0x400 
                0x20000680                        . = ALIGN (0x8)

/DISCARD/
 libc.a(*)
 libm.a(*)
 libgcc.a(*)

.ARM.attributes
                0x00000000       0x29
 *(.ARM.attributes)
 .ARM.attributes
                0x00000000       0x1d C:/ST/STM32CubeIDE_1.18.0/STM32CubeIDE/plugins/com.st.stm32cube.ide.mcu.externaltools.gnu-tools-for-stm32.13.3.rel1.win32_1.0.0.202411081344/tools/bin/../lib/gcc/arm-none-eabi/13.3.1/thumb/v7-m/nofp/crti.o
 .ARM.attributes
                0x0000001d       0x2d C:/ST/STM32CubeIDE_1.18.0/STM32CubeIDE/plugins/com.st.stm32cube.ide.mcu.externaltools.gnu-tools-for-stm32.13.3.rel1.win32_1.0.0.202411081344/tools/bin/../lib/gcc/arm-none-eabi/13.3.1/thumb/v7-m/nofp/crtbegin.o
 .ARM.attributes
                0x0000004a       0x2d ./Core/Src/MPU6050.o
 .ARM.attributes
                0x00000077       0x2d ./Core/Src/OLED.o
 .ARM.attributes
                0x000000a4       0x2d ./Core/Src/gpio.o
 .ARM.attributes
                0x000000d1       0x2d ./Core/Src/i2c.o
 .ARM.attributes
                0x000000fe       0x2d ./Core/Src/main.o
 .ARM.attributes
                0x0000012b       0x2d ./Core/Src/stm32f1xx_hal_msp.o
 .ARM.attributes
                0x00000158       0x2d ./Core/Src/stm32f1xx_it.o
 .ARM.attributes
                0x00000185       0x2d ./Core/Src/system_stm32f1xx.o
 .ARM.attributes
                0x000001b2       0x21 ./Core/Startup/startup_stm32f103c8tx.o
 .ARM.attributes
                0x000001d3       0x2d ./Drivers/STM32F1xx_HAL_Driver/Src/stm32f1xx_hal.o
 .ARM.attributes
                0x00000200       0x2d ./Drivers/STM32F1xx_HAL_Driver/Src/stm32f1xx_hal_cortex.o
 .ARM.attributes
                0x0000022d       0x2d ./Drivers/STM32F1xx_HAL_Driver/Src/stm32f1xx_hal_gpio.o
 .ARM.attributes
                0x0000025a       0x2d ./Drivers/STM32F1xx_HAL_Driver/Src/stm32f1xx_hal_i2c.o
 .ARM.attributes
                0x00000287       0x2d ./Drivers/STM32F1xx_HAL_Driver/Src/stm32f1xx_hal_rcc.o
 .ARM.attributes
                0x000002b4       0x2d C:/ST/STM32CubeIDE_1.18.0/STM32CubeIDE/plugins/com.st.stm32cube.ide.mcu.externaltools.gnu-tools-for-stm32.13.3.rel1.win32_1.0.0.202411081344/tools/bin/../lib/gcc/arm-none-eabi/13.3.1/../../../../arm-none-eabi/lib/thumb/v7-m/nofp\libc_nano.a(libc_a-memset.o)
 .ARM.attributes
                0x000002e1       0x2d C:/ST/STM32CubeIDE_1.18.0/STM32CubeIDE/plugins/com.st.stm32cube.ide.mcu.externaltools.gnu-tools-for-stm32.13.3.rel1.win32_1.0.0.202411081344/tools/bin/../lib/gcc/arm-none-eabi/13.3.1/../../../../arm-none-eabi/lib/thumb/v7-m/nofp\libc_nano.a(libc_a-init.o)
 .ARM.attributes
                0x0000030e       0x1d C:/ST/STM32CubeIDE_1.18.0/STM32CubeIDE/plugins/com.st.stm32cube.ide.mcu.externaltools.gnu-tools-for-stm32.13.3.rel1.win32_1.0.0.202411081344/tools/bin/../lib/gcc/arm-none-eabi/13.3.1/thumb/v7-m/nofp/crtn.o
OUTPUT(mpu6050_hard.elf elf32-littlearm)
LOAD linker stubs
LOAD C:/ST/STM32CubeIDE_1.18.0/STM32CubeIDE/plugins/com.st.stm32cube.ide.mcu.externaltools.gnu-tools-for-stm32.13.3.rel1.win32_1.0.0.202411081344/tools/bin/../lib/gcc/arm-none-eabi/13.3.1/../../../../arm-none-eabi/lib/thumb/v7-m/nofp\libc.a
LOAD C:/ST/STM32CubeIDE_1.18.0/STM32CubeIDE/plugins/com.st.stm32cube.ide.mcu.externaltools.gnu-tools-for-stm32.13.3.rel1.win32_1.0.0.202411081344/tools/bin/../lib/gcc/arm-none-eabi/13.3.1/../../../../arm-none-eabi/lib/thumb/v7-m/nofp\libm.a
LOAD C:/ST/STM32CubeIDE_1.18.0/STM32CubeIDE/plugins/com.st.stm32cube.ide.mcu.externaltools.gnu-tools-for-stm32.13.3.rel1.win32_1.0.0.202411081344/tools/bin/../lib/gcc/arm-none-eabi/13.3.1/thumb/v7-m/nofp\libgcc.a

.debug_info     0x00000000     0x69f7
 .debug_info    0x00000000      0x75e ./Core/Src/MPU6050.o
 .debug_info    0x0000075e      0x55b ./Core/Src/OLED.o
 .debug_info    0x00000cb9      0x2b7 ./Core/Src/gpio.o
 .debug_info    0x00000f70      0x7e3 ./Core/Src/i2c.o
 .debug_info    0x00001753      0x91f ./Core/Src/main.o
 .debug_info    0x00002072      0x1f1 ./Core/Src/stm32f1xx_hal_msp.o
 .debug_info    0x00002263      0x113 ./Core/Src/stm32f1xx_it.o
 .debug_info    0x00002376      0x222 ./Core/Src/system_stm32f1xx.o
 .debug_info    0x00002598       0x30 ./Core/Startup/startup_stm32f103c8tx.o
 .debug_info    0x000025c8      0x704 ./Drivers/STM32F1xx_HAL_Driver/Src/stm32f1xx_hal.o
 .debug_info    0x00002ccc      0xa87 ./Drivers/STM32F1xx_HAL_Driver/Src/stm32f1xx_hal_cortex.o
 .debug_info    0x00003753      0x5ab ./Drivers/STM32F1xx_HAL_Driver/Src/stm32f1xx_hal_gpio.o
 .debug_info    0x00003cfe     0x2524 ./Drivers/STM32F1xx_HAL_Driver/Src/stm32f1xx_hal_i2c.o
 .debug_info    0x00006222      0x7d5 ./Drivers/STM32F1xx_HAL_Driver/Src/stm32f1xx_hal_rcc.o

.debug_abbrev   0x00000000     0x17cc
 .debug_abbrev  0x00000000      0x1b3 ./Core/Src/MPU6050.o
 .debug_abbrev  0x000001b3      0x1d3 ./Core/Src/OLED.o
 .debug_abbrev  0x00000386      0x13f ./Core/Src/gpio.o
 .debug_abbrev  0x000004c5      0x1de ./Core/Src/i2c.o
 .debug_abbrev  0x000006a3      0x25f ./Core/Src/main.o
 .debug_abbrev  0x00000902       0xdb ./Core/Src/stm32f1xx_hal_msp.o
 .debug_abbrev  0x000009dd       0x73 ./Core/Src/stm32f1xx_it.o
 .debug_abbrev  0x00000a50      0x13f ./Core/Src/system_stm32f1xx.o
 .debug_abbrev  0x00000b8f       0x24 ./Core/Startup/startup_stm32f103c8tx.o
 .debug_abbrev  0x00000bb3      0x201 ./Drivers/STM32F1xx_HAL_Driver/Src/stm32f1xx_hal.o
 .debug_abbrev  0x00000db4      0x2f8 ./Drivers/STM32F1xx_HAL_Driver/Src/stm32f1xx_hal_cortex.o
 .debug_abbrev  0x000010ac      0x1ca ./Drivers/STM32F1xx_HAL_Driver/Src/stm32f1xx_hal_gpio.o
 .debug_abbrev  0x00001276      0x2a3 ./Drivers/STM32F1xx_HAL_Driver/Src/stm32f1xx_hal_i2c.o
 .debug_abbrev  0x00001519      0x2b3 ./Drivers/STM32F1xx_HAL_Driver/Src/stm32f1xx_hal_rcc.o

.debug_aranges  0x00000000      0x798
 .debug_aranges
                0x00000000       0x40 ./Core/Src/MPU6050.o
 .debug_aranges
                0x00000040       0x98 ./Core/Src/OLED.o
 .debug_aranges
                0x000000d8       0x20 ./Core/Src/gpio.o
 .debug_aranges
                0x000000f8       0x30 ./Core/Src/i2c.o
 .debug_aranges
                0x00000128       0x30 ./Core/Src/main.o
 .debug_aranges
                0x00000158       0x20 ./Core/Src/stm32f1xx_hal_msp.o
 .debug_aranges
                0x00000178       0x60 ./Core/Src/stm32f1xx_it.o
 .debug_aranges
                0x000001d8       0x28 ./Core/Src/system_stm32f1xx.o
 .debug_aranges
                0x00000200       0x28 ./Core/Startup/startup_stm32f103c8tx.o
 .debug_aranges
                0x00000228       0xe0 ./Drivers/STM32F1xx_HAL_Driver/Src/stm32f1xx_hal.o
 .debug_aranges
                0x00000308      0x100 ./Drivers/STM32F1xx_HAL_Driver/Src/stm32f1xx_hal_cortex.o
 .debug_aranges
                0x00000408       0x58 ./Drivers/STM32F1xx_HAL_Driver/Src/stm32f1xx_hal_gpio.o
 .debug_aranges
                0x00000460      0x2a8 ./Drivers/STM32F1xx_HAL_Driver/Src/stm32f1xx_hal_i2c.o
 .debug_aranges
                0x00000708       0x90 ./Drivers/STM32F1xx_HAL_Driver/Src/stm32f1xx_hal_rcc.o

.debug_rnglists
                0x00000000      0x5c0
 .debug_rnglists
                0x00000000       0x2c ./Core/Src/MPU6050.o
 .debug_rnglists
                0x0000002c       0x71 ./Core/Src/OLED.o
 .debug_rnglists
                0x0000009d       0x14 ./Core/Src/gpio.o
 .debug_rnglists
                0x000000b1       0x20 ./Core/Src/i2c.o
 .debug_rnglists
                0x000000d1       0x21 ./Core/Src/main.o
 .debug_rnglists
                0x000000f2       0x13 ./Core/Src/stm32f1xx_hal_msp.o
 .debug_rnglists
                0x00000105       0x43 ./Core/Src/stm32f1xx_it.o
 .debug_rnglists
                0x00000148       0x1a ./Core/Src/system_stm32f1xx.o
 .debug_rnglists
                0x00000162       0x19 ./Core/Startup/startup_stm32f103c8tx.o
 .debug_rnglists
                0x0000017b       0xa3 ./Drivers/STM32F1xx_HAL_Driver/Src/stm32f1xx_hal.o
 .debug_rnglists
                0x0000021e       0xbb ./Drivers/STM32F1xx_HAL_Driver/Src/stm32f1xx_hal_cortex.o
 .debug_rnglists
                0x000002d9       0x3f ./Drivers/STM32F1xx_HAL_Driver/Src/stm32f1xx_hal_gpio.o
 .debug_rnglists
                0x00000318      0x23c ./Drivers/STM32F1xx_HAL_Driver/Src/stm32f1xx_hal_i2c.o
 .debug_rnglists
                0x00000554       0x6c ./Drivers/STM32F1xx_HAL_Driver/Src/stm32f1xx_hal_rcc.o

.debug_macro    0x00000000    0x164f3
 .debug_macro   0x00000000      0x1c0 ./Core/Src/MPU6050.o
 .debug_macro   0x000001c0      0xacc ./Core/Src/MPU6050.o
 .debug_macro   0x00000c8c      0x215 ./Core/Src/MPU6050.o
 .debug_macro   0x00000ea1       0x2e ./Core/Src/MPU6050.o
 .debug_macro   0x00000ecf       0x22 ./Core/Src/MPU6050.o
 .debug_macro   0x00000ef1       0x22 ./Core/Src/MPU6050.o
 .debug_macro   0x00000f13       0x8e ./Core/Src/MPU6050.o
 .debug_macro   0x00000fa1       0x51 ./Core/Src/MPU6050.o
 .debug_macro   0x00000ff2      0x103 ./Core/Src/MPU6050.o
 .debug_macro   0x000010f5       0x6a ./Core/Src/MPU6050.o
 .debug_macro   0x0000115f      0x1df ./Core/Src/MPU6050.o
 .debug_macro   0x0000133e       0x1c ./Core/Src/MPU6050.o
 .debug_macro   0x0000135a       0x22 ./Core/Src/MPU6050.o
 .debug_macro   0x0000137c       0xbd ./Core/Src/MPU6050.o
 .debug_macro   0x00001439      0xd23 ./Core/Src/MPU6050.o
 .debug_macro   0x0000215c     0xe09e ./Core/Src/MPU6050.o
 .debug_macro   0x000101fa       0x6d ./Core/Src/MPU6050.o
 .debug_macro   0x00010267     0x34a2 ./Core/Src/MPU6050.o
 .debug_macro   0x00013709      0x190 ./Core/Src/MPU6050.o
 .debug_macro   0x00013899       0x5c ./Core/Src/MPU6050.o
 .debug_macro   0x000138f5      0x5bc ./Core/Src/MPU6050.o
 .debug_macro   0x00013eb1      0x289 ./Core/Src/MPU6050.o
 .debug_macro   0x0001413a      0x1cb ./Core/Src/MPU6050.o
 .debug_macro   0x00014305      0x114 ./Core/Src/MPU6050.o
 .debug_macro   0x00014419      0x1b2 ./Core/Src/MPU6050.o
 .debug_macro   0x000145cb       0x27 ./Core/Src/MPU6050.o
 .debug_macro   0x000145f2      0x136 ./Core/Src/MPU6050.o
 .debug_macro   0x00014728      0x1bc ./Core/Src/MPU6050.o
 .debug_macro   0x000148e4       0x34 ./Core/Src/MPU6050.o
 .debug_macro   0x00014918       0x3c ./Core/Src/MPU6050.o
 .debug_macro   0x00014954       0x57 ./Core/Src/MPU6050.o
 .debug_macro   0x000149ab       0x87 ./Core/Src/MPU6050.o
 .debug_macro   0x00014a32      0x240 ./Core/Src/MPU6050.o
 .debug_macro   0x00014c72      0x287 ./Core/Src/MPU6050.o
 .debug_macro   0x00014ef9      0x140 ./Core/Src/MPU6050.o
 .debug_macro   0x00015039       0x83 ./Core/Src/MPU6050.o
 .debug_macro   0x000150bc      0x1bc ./Core/Src/OLED.o
 .debug_macro   0x00015278      0x1a2 ./Core/Src/gpio.o
 .debug_macro   0x0001541a      0x1a2 ./Core/Src/i2c.o
 .debug_macro   0x000155bc      0x1ba ./Core/Src/main.o
 .debug_macro   0x00015776      0x198 ./Core/Src/stm32f1xx_hal_msp.o
 .debug_macro   0x0001590e      0x1a2 ./Core/Src/stm32f1xx_it.o
 .debug_macro   0x00015ab0      0x18e ./Core/Src/system_stm32f1xx.o
 .debug_macro   0x00015c3e      0x1b2 ./Drivers/STM32F1xx_HAL_Driver/Src/stm32f1xx_hal.o
 .debug_macro   0x00015df0      0x18e ./Drivers/STM32F1xx_HAL_Driver/Src/stm32f1xx_hal_cortex.o
 .debug_macro   0x00015f7e      0x1f9 ./Drivers/STM32F1xx_HAL_Driver/Src/stm32f1xx_hal_gpio.o
 .debug_macro   0x00016177      0x1dc ./Drivers/STM32F1xx_HAL_Driver/Src/stm32f1xx_hal_i2c.o
 .debug_macro   0x00016353      0x1a0 ./Drivers/STM32F1xx_HAL_Driver/Src/stm32f1xx_hal_rcc.o

.debug_line     0x00000000     0xa563
 .debug_line    0x00000000      0x76d ./Core/Src/MPU6050.o
 .debug_line    0x0000076d      0xa2d ./Core/Src/OLED.o
 .debug_line    0x0000119a      0x6d9 ./Core/Src/gpio.o
 .debug_line    0x00001873      0x734 ./Core/Src/i2c.o
 .debug_line    0x00001fa7      0x778 ./Core/Src/main.o
 .debug_line    0x0000271f      0x6cb ./Core/Src/stm32f1xx_hal_msp.o
 .debug_line    0x00002dea      0x779 ./Core/Src/stm32f1xx_it.o
 .debug_line    0x00003563      0x749 ./Core/Src/system_stm32f1xx.o
 .debug_line    0x00003cac       0x78 ./Core/Startup/startup_stm32f103c8tx.o
 .debug_line    0x00003d24      0x97a ./Drivers/STM32F1xx_HAL_Driver/Src/stm32f1xx_hal.o
 .debug_line    0x0000469e      0xb44 ./Drivers/STM32F1xx_HAL_Driver/Src/stm32f1xx_hal_cortex.o
 .debug_line    0x000051e2      0x9d7 ./Drivers/STM32F1xx_HAL_Driver/Src/stm32f1xx_hal_gpio.o
 .debug_line    0x00005bb9     0x3b77 ./Drivers/STM32F1xx_HAL_Driver/Src/stm32f1xx_hal_i2c.o
 .debug_line    0x00009730      0xe33 ./Drivers/STM32F1xx_HAL_Driver/Src/stm32f1xx_hal_rcc.o

.debug_str      0x00000000    0x7e862
 .debug_str     0x00000000    0x7e862 ./Core/Src/MPU6050.o
                              0x7cc09 (size before relaxing)
 .debug_str     0x0007e862    0x7c8b2 ./Core/Src/OLED.o
 .debug_str     0x0007e862    0x7c74e ./Core/Src/gpio.o
 .debug_str     0x0007e862    0x7cc08 ./Core/Src/i2c.o
 .debug_str     0x0007e862    0x7cd6b ./Core/Src/main.o
 .debug_str     0x0007e862    0x7c6d6 ./Core/Src/stm32f1xx_hal_msp.o
 .debug_str     0x0007e862    0x7c6eb ./Core/Src/stm32f1xx_it.o
 .debug_str     0x0007e862    0x7c701 ./Core/Src/system_stm32f1xx.o
 .debug_str     0x0007e862       0x87 ./Core/Startup/startup_stm32f103c8tx.o
 .debug_str     0x0007e862    0x7ce34 ./Drivers/STM32F1xx_HAL_Driver/Src/stm32f1xx_hal.o
 .debug_str     0x0007e862    0x7cd80 ./Drivers/STM32F1xx_HAL_Driver/Src/stm32f1xx_hal_cortex.o
 .debug_str     0x0007e862    0x7ca87 ./Drivers/STM32F1xx_HAL_Driver/Src/stm32f1xx_hal_gpio.o
 .debug_str     0x0007e862    0x7d7c8 ./Drivers/STM32F1xx_HAL_Driver/Src/stm32f1xx_hal_i2c.o
 .debug_str     0x0007e862    0x7cb30 ./Drivers/STM32F1xx_HAL_Driver/Src/stm32f1xx_hal_rcc.o

.comment        0x00000000       0x43
 .comment       0x00000000       0x43 ./Core/Src/MPU6050.o
                                 0x44 (size before relaxing)
 .comment       0x00000043       0x44 ./Core/Src/OLED.o
 .comment       0x00000043       0x44 ./Core/Src/gpio.o
 .comment       0x00000043       0x44 ./Core/Src/i2c.o
 .comment       0x00000043       0x44 ./Core/Src/main.o
 .comment       0x00000043       0x44 ./Core/Src/stm32f1xx_hal_msp.o
 .comment       0x00000043       0x44 ./Core/Src/stm32f1xx_it.o
 .comment       0x00000043       0x44 ./Core/Src/system_stm32f1xx.o
 .comment       0x00000043       0x44 ./Drivers/STM32F1xx_HAL_Driver/Src/stm32f1xx_hal.o
 .comment       0x00000043       0x44 ./Drivers/STM32F1xx_HAL_Driver/Src/stm32f1xx_hal_cortex.o
 .comment       0x00000043       0x44 ./Drivers/STM32F1xx_HAL_Driver/Src/stm32f1xx_hal_gpio.o
 .comment       0x00000043       0x44 ./Drivers/STM32F1xx_HAL_Driver/Src/stm32f1xx_hal_i2c.o
 .comment       0x00000043       0x44 ./Drivers/STM32F1xx_HAL_Driver/Src/stm32f1xx_hal_rcc.o

.debug_frame    0x00000000     0x1d48
 .debug_frame   0x00000000       0xc8 ./Core/Src/MPU6050.o
 .debug_frame   0x000000c8      0x248 ./Core/Src/OLED.o
 .debug_frame   0x00000310       0x34 ./Core/Src/gpio.o
 .debug_frame   0x00000344       0x74 ./Core/Src/i2c.o
 .debug_frame   0x000003b8       0x6c ./Core/Src/main.o
 .debug_frame   0x00000424       0x38 ./Core/Src/stm32f1xx_hal_msp.o
 .debug_frame   0x0000045c      0x104 ./Core/Src/stm32f1xx_it.o
 .debug_frame   0x00000560       0x58 ./Core/Src/system_stm32f1xx.o
 .debug_frame   0x000005b8      0x334 ./Drivers/STM32F1xx_HAL_Driver/Src/stm32f1xx_hal.o
 .debug_frame   0x000008ec      0x428 ./Drivers/STM32F1xx_HAL_Driver/Src/stm32f1xx_hal_cortex.o
 .debug_frame   0x00000d14      0x14c ./Drivers/STM32F1xx_HAL_Driver/Src/stm32f1xx_hal_gpio.o
 .debug_frame   0x00000e60      0xc84 ./Drivers/STM32F1xx_HAL_Driver/Src/stm32f1xx_hal_i2c.o
 .debug_frame   0x00001ae4      0x218 ./Drivers/STM32F1xx_HAL_Driver/Src/stm32f1xx_hal_rcc.o
 .debug_frame   0x00001cfc       0x20 C:/ST/STM32CubeIDE_1.18.0/STM32CubeIDE/plugins/com.st.stm32cube.ide.mcu.externaltools.gnu-tools-for-stm32.13.3.rel1.win32_1.0.0.202411081344/tools/bin/../lib/gcc/arm-none-eabi/13.3.1/../../../../arm-none-eabi/lib/thumb/v7-m/nofp\libc_nano.a(libc_a-memset.o)
 .debug_frame   0x00001d1c       0x2c C:/ST/STM32CubeIDE_1.18.0/STM32CubeIDE/plugins/com.st.stm32cube.ide.mcu.externaltools.gnu-tools-for-stm32.13.3.rel1.win32_1.0.0.202411081344/tools/bin/../lib/gcc/arm-none-eabi/13.3.1/../../../../arm-none-eabi/lib/thumb/v7-m/nofp\libc_nano.a(libc_a-init.o)

.debug_line_str
                0x00000000       0x6b
 .debug_line_str
                0x00000000       0x6b ./Core/Startup/startup_stm32f103c8tx.o
